Component: ARM Compiler 5.06 update 5 (build 528) Tool: armlink [4d35e2]

==============================================================================

Section Cross References

    startup_stm32f10x_md.o(RESET) refers to startup_stm32f10x_md.o(STACK) for __initial_sp
    startup_stm32f10x_md.o(RESET) refers to startup_stm32f10x_md.o(.text) for Reset_Handler
    startup_stm32f10x_md.o(RESET) refers to stm32f10x_it.o(i.NMI_Handler) for NMI_Handler
    startup_stm32f10x_md.o(RESET) refers to stm32f10x_it.o(i.HardFault_Handler) for HardFault_Handler
    startup_stm32f10x_md.o(RESET) refers to stm32f10x_it.o(i.MemManage_Handler) for MemManage_Handler
    startup_stm32f10x_md.o(RESET) refers to stm32f10x_it.o(i.BusFault_Handler) for BusFault_Handler
    startup_stm32f10x_md.o(RESET) refers to stm32f10x_it.o(i.UsageFault_Handler) for UsageFault_Handler
    startup_stm32f10x_md.o(RESET) refers to stm32f10x_it.o(i.SVC_Handler) for SVC_Handler
    startup_stm32f10x_md.o(RESET) refers to stm32f10x_it.o(i.DebugMon_Handler) for DebugMon_Handler
    startup_stm32f10x_md.o(RESET) refers to stm32f10x_it.o(i.PendSV_Handler) for PendSV_Handler
    startup_stm32f10x_md.o(RESET) refers to main.o(i.SysTick_Handler) for SysTick_Handler
    startup_stm32f10x_md.o(RESET) refers to main.o(i.TIM2_IRQHandler) for TIM2_IRQHandler
    startup_stm32f10x_md.o(RESET) refers to air780e.o(i.USART2_IRQHandler) for USART2_IRQHandler
    startup_stm32f10x_md.o(.text) refers to system_stm32f10x.o(i.SystemInit) for SystemInit
    startup_stm32f10x_md.o(.text) refers to entry.o(.ARM.Collect$$$$00000000) for __main
    system_stm32f10x.o(i.SetSysClock) refers to system_stm32f10x.o(i.SetSysClockTo72) for SetSysClockTo72
    system_stm32f10x.o(i.SystemCoreClockUpdate) refers to system_stm32f10x.o(.data) for SystemCoreClock
    system_stm32f10x.o(i.SystemInit) refers to system_stm32f10x.o(i.SetSysClock) for SetSysClock
    stm32f10x_adc.o(i.ADC_DeInit) refers to stm32f10x_rcc.o(i.RCC_APB2PeriphResetCmd) for RCC_APB2PeriphResetCmd
    stm32f10x_bkp.o(i.BKP_DeInit) refers to stm32f10x_rcc.o(i.RCC_BackupResetCmd) for RCC_BackupResetCmd
    stm32f10x_can.o(i.CAN_DeInit) refers to stm32f10x_rcc.o(i.RCC_APB1PeriphResetCmd) for RCC_APB1PeriphResetCmd
    stm32f10x_can.o(i.CAN_GetITStatus) refers to stm32f10x_can.o(i.CheckITStatus) for CheckITStatus
    stm32f10x_cec.o(i.CEC_DeInit) refers to stm32f10x_rcc.o(i.RCC_APB1PeriphResetCmd) for RCC_APB1PeriphResetCmd
    stm32f10x_dac.o(i.DAC_DeInit) refers to stm32f10x_rcc.o(i.RCC_APB1PeriphResetCmd) for RCC_APB1PeriphResetCmd
    stm32f10x_flash.o(i.FLASH_EnableWriteProtection) refers to stm32f10x_flash.o(i.FLASH_WaitForLastOperation) for FLASH_WaitForLastOperation
    stm32f10x_flash.o(i.FLASH_EraseAllBank1Pages) refers to stm32f10x_flash.o(i.FLASH_WaitForLastBank1Operation) for FLASH_WaitForLastBank1Operation
    stm32f10x_flash.o(i.FLASH_EraseAllPages) refers to stm32f10x_flash.o(i.FLASH_WaitForLastOperation) for FLASH_WaitForLastOperation
    stm32f10x_flash.o(i.FLASH_EraseOptionBytes) refers to stm32f10x_flash.o(i.FLASH_GetReadOutProtectionStatus) for FLASH_GetReadOutProtectionStatus
    stm32f10x_flash.o(i.FLASH_EraseOptionBytes) refers to stm32f10x_flash.o(i.FLASH_WaitForLastOperation) for FLASH_WaitForLastOperation
    stm32f10x_flash.o(i.FLASH_ErasePage) refers to stm32f10x_flash.o(i.FLASH_WaitForLastOperation) for FLASH_WaitForLastOperation
    stm32f10x_flash.o(i.FLASH_ProgramHalfWord) refers to stm32f10x_flash.o(i.FLASH_WaitForLastOperation) for FLASH_WaitForLastOperation
    stm32f10x_flash.o(i.FLASH_ProgramOptionByteData) refers to stm32f10x_flash.o(i.FLASH_WaitForLastOperation) for FLASH_WaitForLastOperation
    stm32f10x_flash.o(i.FLASH_ProgramWord) refers to stm32f10x_flash.o(i.FLASH_WaitForLastOperation) for FLASH_WaitForLastOperation
    stm32f10x_flash.o(i.FLASH_ReadOutProtection) refers to stm32f10x_flash.o(i.FLASH_WaitForLastOperation) for FLASH_WaitForLastOperation
    stm32f10x_flash.o(i.FLASH_UserOptionByteConfig) refers to stm32f10x_flash.o(i.FLASH_WaitForLastOperation) for FLASH_WaitForLastOperation
    stm32f10x_flash.o(i.FLASH_WaitForLastBank1Operation) refers to stm32f10x_flash.o(i.FLASH_GetBank1Status) for FLASH_GetBank1Status
    stm32f10x_flash.o(i.FLASH_WaitForLastOperation) refers to stm32f10x_flash.o(i.FLASH_GetBank1Status) for FLASH_GetBank1Status
    stm32f10x_gpio.o(i.GPIO_AFIODeInit) refers to stm32f10x_rcc.o(i.RCC_APB2PeriphResetCmd) for RCC_APB2PeriphResetCmd
    stm32f10x_gpio.o(i.GPIO_DeInit) refers to stm32f10x_rcc.o(i.RCC_APB2PeriphResetCmd) for RCC_APB2PeriphResetCmd
    stm32f10x_i2c.o(i.I2C_DeInit) refers to stm32f10x_rcc.o(i.RCC_APB1PeriphResetCmd) for RCC_APB1PeriphResetCmd
    stm32f10x_i2c.o(i.I2C_Init) refers to stm32f10x_rcc.o(i.RCC_GetClocksFreq) for RCC_GetClocksFreq
    stm32f10x_pwr.o(i.PWR_DeInit) refers to stm32f10x_rcc.o(i.RCC_APB1PeriphResetCmd) for RCC_APB1PeriphResetCmd
[...]
    i.Page_Monitor                           0x08001ce4   Section        0  ui.o(i.Page_Monitor)
    Page_Monitor                             0x08001ce5   Thumb Code   354  ui.o(i.Page_Monitor)
    i.Page_SetA                              0x08001e80   Section        0  ui.o(i.Page_SetA)
    Page_SetA                                0x08001e81   Thumb Code   194  ui.o(i.Page_SetA)
    i.Page_SetB                              0x08001f98   Section        0  ui.o(i.Page_SetB)
    Page_SetB                                0x08001f99   Thumb Code   222  ui.o(i.Page_SetB)
    i.Page_SetC                              0x080020bc   Section        0  ui.o(i.Page_SetC)
    Page_SetC                                0x080020bd   Thumb Code   136  ui.o(i.Page_SetC)
    i.Page_SetD                              0x08002194   Section        0  ui.o(i.Page_SetD)
    Page_SetD                                0x08002195   Thumb Code    94  ui.o(i.Page_SetD)
    i.Page_SetE                              0x08002258   Section        0  ui.o(i.Page_SetE)
    Page_SetE                                0x08002259   Thumb Code   290  ui.o(i.Page_SetE)
    i.Page_SetF                              0x080023b0   Section        0  ui.o(i.Page_SetF)
    Page_SetF                                0x080023b1   Thumb Code   136  ui.o(i.Page_SetF)
    i.Page_SetHint                           0x08002488   Section        0  ui.o(i.Page_SetHint)
    Page_SetHint                             0x08002489   Thumb Code    44  ui.o(i.Page_SetHint)
    i.PendSV_Handler                         0x080024f0   Section        0  stm32f10x_it.o(i.PendSV_Handler)
    i.RCC_ADCCLKConfig                       0x080024f4   Section        0  stm32f10x_rcc.o(i.RCC_ADCCLKConfig)
    i.RCC_APB1PeriphClockCmd                 0x0800250c   Section        0  stm32f10x_rcc.o(i.RCC_APB1PeriphClockCmd)
    i.RCC_APB2PeriphClockCmd                 0x0800252c   Section        0  stm32f10x_rcc.o(i.RCC_APB2PeriphClockCmd)
    i.RCC_GetClocksFreq                      0x0800254c   Section        0  stm32f10x_rcc.o(i.RCC_GetClocksFreq)
    i.Rain_Detected                          0x08002620   Section        0  rain.o(i.Rain_Detected)
    i.Rain_Init                              0x0800263c   Section        0  rain.o(i.Rain_Init)
    i.ReadTime_Safe                          0x08002664   Section        0  main.o(i.ReadTime_Safe)
    ReadTime_Safe                            0x08002665   Thumb Code    80  main.o(i.ReadTime_Safe)
    i.Relay_Control                          0x080026b8   Section        0  relay.o(i.Relay_Control)
    i.Relay_Init                             0x08002710   Section        0  relay.o(i.Relay_Init)
    i.Relay_SetOff                           0x08002740   Section        0  relay.o(i.Relay_SetOff)
    i.Relay_SetOn                            0x0800275c   Section        0  relay.o(i.Relay_SetOn)
    i.SDLog_CreateFileName                   0x08002778   Section        0  sdlog.o(i.SDLog_CreateFileName)
    SDLog_CreateFileName                     0x08002779   Thumb Code    22  sdlog.o(i.SDLog_CreateFileName)
    i.SDLog_Init                             0x080027a8   Section        0  sdlog.o(i.SDLog_Init)
    i.SDLog_NewDay                           0x08002804   Section        0  sdlog.o(i.SDLog_NewDay)
    i.SDLog_Write                            0x08002850   Section        0  sdlog.o(i.SDLog_Write)
    i.SD_DisSelect                           0x080028f8   Section        0  diskio.o(i.SD_DisSelect)
    SD_DisSelect                             0x080028f9   Thumb Code    18  diskio.o(i.SD_DisSelect)
    i.SD_Select                              0x08002910   Section        0  diskio.o(i.SD_Select)
    SD_Select                                0x08002911   Thumb Code    32  diskio.o(i.SD_Select)
    i.SD_SendCmd                             0x08002934   Section        0  diskio.o(i.SD_SendCmd)
    SD_SendCmd                               0x08002935   Thumb Code   114  diskio.o(i.SD_SendCmd)
    i.SPI_Cmd                                0x080029a6   Section        0  stm32f10x_spi.o(i.SPI_Cmd)
    i.SPI_I2S_GetFlagStatus                  0x080029be   Section        0  stm32f10x_spi.o(i.SPI_I2S_GetFlagStatus)
    i.SPI_I2S_ReceiveData                    0x080029d0   Section        0  stm32f10x_spi.o(i.SPI_I2S_ReceiveData)
    i.SPI_I2S_SendData                       0x080029d6   Section        0  stm32f10x_spi.o(i.SPI_I2S_SendData)
    i.SPI_Init                               0x080029da   Section        0  stm32f10x_spi.o(i.SPI_Init)
    i.SPI_ReadWriteByte                      0x08002a18   Section        0  diskio.o(i.SPI_ReadWriteByte)
    SPI_ReadWriteByte                        0x08002a19   Thumb Code    82  diskio.o(i.SPI_ReadWriteByte)
    i.SPI_SetSpeed                           0x08002a70   Section        0  diskio.o(i.SPI_SetSpeed)
    SPI_SetSpeed                             0x08002a71   Thumb Code    28  diskio.o(i.SPI_SetSpeed)
    i.SPIx_Init                              0x08002a90   Section        0  diskio.o(i.SPIx_Init)
    SPIx_Init                                0x08002a91   Thumb Code   160  diskio.o(i.SPIx_Init)
    i.SVC_Handler                            0x08002b38   Section        0  stm32f10x_it.o(i.SVC_Handler)
    i.SetSysClock                            0x08002b3a   Section        0  system_stm32f10x.o(i.SetSysClock)
    SetSysClock                              0x08002b3b   Thumb Code     8  system_stm32f10x.o(i.SetSysClock)
    i.SetSysClockTo72                        0x08002b44   Section        0  system_stm32f10x.o(i.SetSysClockTo72)
    SetSysClockTo72                          0x08002b45   Thumb Code   214  system_stm32f10x.o(i.SetSysClockTo72)
    i.ShowProgressBar                        0x08002c24   Section        0  ui.o(i.ShowProgressBar)
    ShowProgressBar                          0x08002c25   Thumb Code    88  ui.o(i.ShowProgressBar)
    i.ShowTwoDigit                           0x08002c7c   Section        0  ui.o(i.ShowTwoDigit)
    ShowTwoDigit                             0x08002c7d   Thumb Code    56  ui.o(i.ShowTwoDigit)
    i.Soil_GetHumidity                       0x08002cb4   Section        0  soil.o(i.Soil_GetHumidity)
    i.Soil_Init                              0x08002ce0   Section        0  soil.o(i.Soil_Init)
    i.Soil_ReadADC                           0x08002d6c   Section        0  soil.o(i.Soil_ReadADC)
    i.Soil_ReadADC_Avg                       0x08002d9c   Section        0  soil.o(i.Soil_ReadADC_Avg)
    i.SysTick_Handler                        0x08002dbc   Section        0  main.o(i.SysTick_Handler)
    i.SystemInit                             0x08002dcc   Section        0  system_stm32f10x.o(i.SystemInit)
    i.TIM2_IRQHandler                        0x08002e2c   Section        0  main.o(i.TIM2_IRQHandler)
    i.TIM_ClearITPendingBit                  0x08002e4c   Section        0  stm32f10x_tim.o(i.TIM_ClearITPendingBit)
    i.TIM_Cmd                                0x08002e52   Section        0  stm32f10x_tim.o(i.TIM_Cmd)
    i.TIM_GetCounter                         0x08002e6a   Section        0  stm32f10x_tim.o(i.TIM_GetCounter)
    i.TIM_GetITStatus                        0x08002e70   Section        0  stm32f10x_tim.o(i.TIM_GetITStatus)
    i.TIM_ITConfig                           0x08002e92   Section        0  stm32f10x_tim.o(i.TIM_ITConfig)
    i.TIM_SetCounter                         0x08002ea4   Section        0  stm32f10x_tim.o(i.TIM_SetCounter)
    i.TIM_TimeBaseInit                       0x08002ea8   Section        0  stm32f10x_tim.o(i.TIM_TimeBaseInit)
    i.Timer1_Init                            0x08002f4c   Section        0  main.o(i.Timer1_Init)
    Timer1_Init                              0x08002f4d   Thumb Code    52  main.o(i.Timer1_Init)
    i.Timer2_Init                            0x08002f84   Section        0  main.o(i.Timer2_Init)
    Timer2_Init                              0x08002f85   Thumb Code    92  main.o(i.Timer2_Init)
    i.UI_HandleKey                           0x08002fe0   Section        0  ui.o(i.UI_HandleKey)
    i.UI_Init                                0x08003448   Section        0  ui.o(i.UI_Init)
    i.UI_Refresh                             0x08003468   Section        0  ui.o(i.UI_Refresh)
    i.USART2_IRQHandler                      0x08003518   Section        0  air780e.o(i.USART2_IRQHandler)
    i.USART2_Init                            0x08003558   Section        0  air780e.o(i.USART2_Init)
    i.USART2_SendString                      0x080035fc   Section        0  air780e.o(i.USART2_SendString)
    i.USART2_WaitResponse                    0x08003628   Section        0  air780e.o(i.USART2_WaitResponse)
    i.USART_Cmd                              0x08003660   Section        0  stm32f10x_usart.o(i.USART_Cmd)
    i.USART_GetFlagStatus                    0x08003678   Section        0  stm32f10x_usart.o(i.USART_GetFlagStatus)
    i.USART_GetITStatus                      0x08003692   Section        0  stm32f10x_usart.o(i.USART_GetITStatus)
    i.USART_ITConfig                         0x080036e6   Section        0  stm32f10x_usart.o(i.USART_ITConfig)
    i.USART_Init                             0x08003730   Section        0  stm32f10x_usart.o(i.USART_Init)
    i.USART_ReceiveData                      0x08003808   Section        0  stm32f10x_usart.o(i.USART_ReceiveData)
    i.USART_SendData                         0x08003812   Section        0  stm32f10x_usart.o(i.USART_SendData)
    i.UsageFault_Handler                     0x0800381a   Section        0  stm32f10x_it.o(i.UsageFault_Handler)
    i.__0sprintf                             0x08003820   Section        0  printfa.o(i.__0sprintf)
    i.__scatterload_copy                     0x08003848   Section       14  handlers.o(i.__scatterload_copy)
    i.__scatterload_null                     0x08003856   Section        2  handlers.o(i.__scatterload_null)
    i.__scatterload_zeroinit                 0x08003858   Section       14  handlers.o(i.__scatterload_zeroinit)
    i._fp_digits                             0x08003868   Section        0  printfa.o(i._fp_digits)
    _fp_digits                               0x08003869   Thumb Code   366  printfa.o(i._fp_digits)
    i._printf_core                           0x080039ec   Section        0  printfa.o(i._printf_core)
    _printf_core                             0x080039ed   Thumb Code  1744  printfa.o(i._printf_core)
    i._printf_post_padding                   0x080040c8   Section        0  printfa.o(i._printf_post_padding)
    _printf_post_padding                     0x080040c9   Thumb Code    36  printfa.o(i._printf_post_padding)
    i._printf_pre_padding                    0x080040ec   Section        0  printfa.o(i._printf_pre_padding)
    _printf_pre_padding                      0x080040ed   Thumb Code    46  printfa.o(i._printf_pre_padding)
    i._sputc                                 0x0800411a   Section        0  printfa.o(i._sputc)
    _sputc                                   0x0800411b   Thumb Code    10  printfa.o(i._sputc)
    i.check_fs                               0x08004124   Section        0  ff.o(i.check_fs)
    check_fs                                 0x08004125   Thumb Code   210  ff.o(i.check_fs)
    i.clst2sect                              0x08004204   Section        0  ff.o(i.clst2sect)
    clst2sect                                0x08004205   Thumb Code    26  ff.o(i.clst2sect)
    i.cmp_lfn                                0x08004220   Section        0  ff.o(i.cmp_lfn)
    cmp_lfn                                  0x08004221   Thumb Code   148  ff.o(i.cmp_lfn)
    i.create_chain                           0x080042b8   Section        0  ff.o(i.create_chain)
    create_chain                             0x080042b9   Thumb Code   288  ff.o(i.create_chain)
    i.create_name                            0x080043d8   Section        0  ff.o(i.create_name)
    create_name                              0x080043d9   Thumb Code   592  ff.o(i.create_name)
    i.dbc_1st                                0x08004640   Section        0  ff.o(i.dbc_1st)
    dbc_1st                                  0x08004641   Thumb Code    12  ff.o(i.dbc_1st)
    i.dbc_2nd                                0x0800464c   Section        0  ff.o(i.dbc_2nd)
    dbc_2nd                                  0x0800464d   Thumb Code    12  ff.o(i.dbc_2nd)
    i.dir_alloc                              0x08004658   Section        0  ff.o(i.dir_alloc)
    dir_alloc                                0x08004659   Thumb Code    96  ff.o(i.dir_alloc)
    i.dir_clear                              0x080046b8   Section        0  ff.o(i.dir_clear)
    dir_clear                                0x080046b9   Thumb Code    94  ff.o(i.dir_clear)
    i.dir_find                               0x08004716   Section        0  ff.o(i.dir_find)
    dir_find                                 0x08004717   Thumb Code   252  ff.o(i.dir_find)
    i.dir_next                               0x08004812   Section        0  ff.o(i.dir_next)
    dir_next                                 0x08004813   Thumb Code   202  ff.o(i.dir_next)
    i.dir_register                           0x080048dc   Section        0  ff.o(i.dir_register)
    dir_register                             0x080048dd   Thumb Code   326  ff.o(i.dir_register)
    i.dir_sdi                                0x08004a22   Section        0  ff.o(i.dir_sdi)
    dir_sdi                                  0x08004a23   Thumb Code   154  ff.o(i.dir_sdi)
    i.disk_initialize                        0x08004abc   Section        0  diskio.o(i.disk_initialize)
    i.disk_ioctl                             0x08004be4   Section        0  diskio.o(i.disk_ioctl)
    i.disk_read                              0x08004c2c   Section        0  diskio.o(i.disk_read)
    i.disk_status                            0x08004cd0   Section        0  diskio.o(i.disk_status)
    i.disk_write                             0x08004ce4   Section        0  diskio.o(i.disk_write)
    i.f_close                                0x08004db0   Section        0  ff.o(i.f_close)
    i.f_lseek                                0x08004dd2   Section        0  ff.o(i.f_lseek)
    i.f_mount                                0x08004f18   Section        0  ff.o(i.f_mount)
    i.f_open                                 0x08004f6c   Section        0  ff.o(i.f_open)
    i.f_printf                               0x0800513a   Section        0  ff.o(i.f_printf)
    i.f_sync                                 0x0800547c   Section        0  ff.o(i.f_sync)
    i.f_write                                0x080054f2   Section        0  ff.o(i.f_write)
    i.ff_oem2uni                             0x080056c4   Section        0  ffunicode.o(i.ff_oem2uni)
    i.ff_uni2oem                             0x080056f0   Section        0  ffunicode.o(i.ff_uni2oem)
    i.ff_wtoupper                            0x08005730   Section        0  ffunicode.o(i.ff_wtoupper)
    i.find_volume                            0x080057e0   Section        0  ff.o(i.find_volume)
    find_volume                              0x080057e1   Thumb Code   120  ff.o(i.find_volume)
    i.follow_path                            0x08005858   Section        0  ff.o(i.follow_path)
    follow_path                              0x08005859   Thumb Code   158  ff.o(i.follow_path)
    i.ftoa                                   0x080058f8   Section        0  ff.o(i.ftoa)
    ftoa                                     0x080058f9   Thumb Code   576  ff.o(i.ftoa)
    i.gen_numname                            0x08005b4c   Section        0  ff.o(i.gen_numname)
    gen_numname                              0x08005b4d   Thumb Code   206  ff.o(i.gen_numname)
    i.get_fat                                0x08005c20   Section        0  ff.o(i.get_fat)
    get_fat                                  0x08005c21   Thumb Code   224  ff.o(i.get_fat)
    i.get_fattime                            0x08005d00   Section        0  diskio.o(i.get_fattime)
    i.get_ldnumber                           0x08005d08   Section        0  ff.o(i.get_ldnumber)
    get_ldnumber                             0x08005d09   Thumb Code    78  ff.o(i.get_ldnumber)
    i.i10x                                   0x08005d58   Section        0  ff.o(i.i10x)
    i10x                                     0x08005d59   Thumb Code   112  ff.o(i.i10x)
    i.ilog10                                 0x08005dd4   Section        0  ff.o(i.ilog10)
    ilog10                                   0x08005dd5   Thumb Code   148  ff.o(i.ilog10)
    i.ld_clust                               0x08005e7c   Section        0  ff.o(i.ld_clust)
    ld_clust                                 0x08005e7d   Thumb Code    38  ff.o(i.ld_clust)
    i.ld_dword                               0x08005ea2   Section        0  ff.o(i.ld_dword)
    ld_dword                                 0x08005ea3   Thumb Code    24  ff.o(i.ld_dword)
    i.ld_word                                0x08005eba   Section        0  ff.o(i.ld_word)
    ld_word                                  0x08005ebb   Thumb Code    12  ff.o(i.ld_word)
    i.main                                   0x08005ec8   Section        0  main.o(i.main)
    i.mount_volume                           0x080062cc   Section        0  ff.o(i.mount_volume)
    mount_volume                             0x080062cd   Thumb Code   662  ff.o(i.mount_volume)
    i.move_window                            0x0800657c   Section        0  ff.o(i.move_window)
    move_window                              0x0800657d   Thumb Code    52  ff.o(i.move_window)
    i.put_fat                                0x080065b0   Section        0  ff.o(i.put_fat)
    put_fat                                  0x080065b1   Thumb Code   312  ff.o(i.put_fat)
    i.put_lfn                                0x080066e8   Section        0  ff.o(i.put_lfn)
    put_lfn                                  0x080066e9   Thumb Code   124  ff.o(i.put_lfn)
    i.putc_bfd                               0x08006768   Section        0  ff.o(i.putc_bfd)
    putc_bfd                                 0x08006769   Thumb Code    68  ff.o(i.putc_bfd)
    i.putc_flush                             0x080067ac   Section        0  ff.o(i.putc_flush)
    putc_flush                               0x080067ad   Thumb Code    44  ff.o(i.putc_flush)
    i.putc_init                              0x080067d8   Section        0  ff.o(i.putc_init)
    putc_init                                0x080067d9   Thumb Code    18  ff.o(i.putc_init)
    i.remove_chain                           0x080067ea   Section        0  ff.o(i.remove_chain)
    remove_chain                             0x080067eb   Thumb Code   154  ff.o(i.remove_chain)
    i.st_clust                               0x08006884   Section        0  ff.o(i.st_clust)
    st_clust                                 0x08006885   Thumb Code    36  ff.o(i.st_clust)
    i.st_dword                               0x080068a8   Section        0  ff.o(i.st_dword)
    st_dword                                 0x080068a9   Thumb Code    24  ff.o(i.st_dword)
    i.st_word                                0x080068c0   Section        0  ff.o(i.st_word)
    st_word                                  0x080068c1   Thumb Code    12  ff.o(i.st_word)
    i.sum_sfn                                0x080068cc   Section        0  ff.o(i.sum_sfn)
    sum_sfn                                  0x080068cd   Thumb Code    32  ff.o(i.sum_sfn)
    i.sync_fs                                0x080068ec   Section        0  ff.o(i.sync_fs)
    sync_fs                                  0x080068ed   Thumb Code   132  ff.o(i.sync_fs)
    i.sync_window                            0x08006978   Section        0  ff.o(i.sync_window)
    sync_window                              0x08006979   Thumb Code    74  ff.o(i.sync_window)
    i.tchar2uni                              0x080069c2   Section        0  ff.o(i.tchar2uni)
    tchar2uni                                0x080069c3   Thumb Code    76  ff.o(i.tchar2uni)
    i.validate                               0x08006a0e   Section        0  ff.o(i.validate)
    validate                                 0x08006a0f   Thumb Code    60  ff.o(i.validate)
    .constdata                               0x08006a4a   Section     1520  oled.o(.constdata)
    .constdata                               0x0800703a   Section      141  ff.o(.constdata)
    LfnOfs                                   0x0800703a   Data          13  ff.o(.constdata)
    ExCvt                                    0x08007047   Data         128  ff.o(.constdata)
    .constdata                               0x080070c8   Section      942  ffunicode.o(.constdata)
    uc437                                    0x080070c8   Data         256  ffunicode.o(.constdata)
    cvt1                                     0x080071c8   Data         498  ffunicode.o(.constdata)
    cvt2                                     0x080073ba   Data         188  ffunicode.o(.constdata)
    .conststring                             0x08007478   Section      108  main.o(.conststring)
    .conststring                             0x080074e4   Section       77  sdlog.o(.conststring)
    .data                                    0x20000000   Section       20  system_stm32f10x.o(.data)
    .data                                    0x20000014   Section       20  stm32f10x_rcc.o(.data)
    APBAHBPrescTable                         0x20000014   Data          16  stm32f10x_rcc.o(.data)
    ADCPrescTable                            0x20000024   Data           4  stm32f10x_rcc.o(.data)
    .data                                    0x20000028   Section        5  key.o(.data)
    lastKey                                  0x20000028   Data           1  key.o(.data)
    debounce                                 0x20000029   Data           1  key.o(.data)
    okHoldCnt                                0x2000002a   Data           2  key.o(.data)
    okLongFired                              0x2000002c   Data           1  key.o(.data)
    .data                                    0x2000002e   Section      134  crop.o(.data)
    .data                                    0x200000b4   Section        6  ui.o(.data)
    .data                                    0x200000ba   Section        5  relay.o(.data)
    .data                                    0x200000c0   Section        2  air780e.o(.data)
    .data                                    0x200000c2   Section        1  diskio.o(.data)
    Stat                                     0x200000c2   Data           1  diskio.o(.data)
    .data                                    0x200000c4   Section        6  ff.o(.data)
    FatFs                                    0x200000c4   Data           4  ff.o(.data)
    Fsid                                     0x200000c8   Data           2  ff.o(.data)
    .data                                    0x200000cc   Section       42  main.o(.data)
    lastMin                                  0x200000f4   Data           1  main.o(.data)
    lastSec                                  0x200000f5   Data           1  main.o(.data)
    .bss                                     0x200000f8   Section      512  air780e.o(.bss)
    .bss                                     0x200002f8   Section      512  ff.o(.bss)
    LfnBuf                                   0x200002f8   Data         512  ff.o(.bss)
    .bss                                     0x200004f8   Section      620  sdlog.o(.bss)
    g_file                                   0x200004f8   Data          40  sdlog.o(.bss)
    g_fs                                     0x20000520   Data         564  sdlog.o(.bss)
    g_filename                               0x20000754   Data          16  sdlog.o(.bss)
    STACK                                    0x20000768   Section     1024  startup_stm32f10x_md.o(STACK)

    Global Symbols

    Symbol Name                              Value     Ov Type        Size  Object(Section)

    BuildAttributes$$THM_ISAv4$P$D$K$B$S$PE$A:L22UL41UL21$X:L11$S22US41US21$IEEE1$IW$USESV6$~STKCKD$USESV7$~SHL$OTIME$ROPI$EBA8$MICROLIB$REQ8$PRES8$EABIv2 0x00000000   Number         0  anon$$obj.o ABSOLUTE
    __ARM_use_no_argv                        0x00000000   Number         0  main.o ABSOLUTE
    _printf_a                                0x00000000   Number         0  stubs.o ABSOLUTE
    _printf_c                                0x00000000   Number         0  stubs.o ABSOLUTE
    _printf_charcount                        0x00000000   Number         0  stubs.o ABSOLUTE
    _printf_d                                0x00000000   Number         0  stubs.o ABSOLUTE
    _printf_e                                0x00000000   Number         0  stubs.o ABSOLUTE
    _printf_f                                0x00000000   Number         0  stubs.o ABSOLUTE
    _printf_flags                            0x00000000   Number         0  stubs.o ABSOLUTE
    _printf_fp_dec                           0x00000000   Number         0  stubs.o ABSOLUTE
    _printf_fp_hex                           0x00000000   Number         0  stubs.o ABSOLUTE
    _printf_g                                0x00000000   Number         0  stubs.o ABSOLUTE
    _printf_i                                0x00000000   Number         0  stubs.o ABSOLUTE
    _printf_int_dec                          0x00000000   Number         0  stubs.o ABSOLUTE
    _printf_l                                0x00000000   Number         0  stubs.o ABSOLUTE
    _printf_lc                               0x00000000   Number         0  stubs.o ABSOLUTE
    _printf_ll                               0x00000000   Number         0  stubs.o ABSOLUTE
    _printf_lld                              0x00000000   Number         0  stubs.o ABSOLUTE
    _printf_lli                              0x00000000   Number         0  stubs.o ABSOLUTE
    _printf_llo                              0x00000000   Number         0  stubs.o ABSOLUTE
    _printf_llu                              0x00000000   Number         0  stubs.o ABSOLUTE
    _printf_llx                              0x00000000   Number         0  stubs.o ABSOLUTE
    _printf_longlong_dec                     0x00000000   Number         0  stubs.o ABSOLUTE
    _printf_longlong_hex                     0x00000000   Number         0  stubs.o ABSOLUTE
    _printf_longlong_oct                     0x00000000   Number         0  stubs.o ABSOLUTE
    _printf_ls                               0x00000000   Number         0  stubs.o ABSOLUTE
    _printf_mbtowc                           0x00000000   Number         0  stubs.o ABSOLUTE
    _printf_n                                0x00000000   Number         0  stubs.o ABSOLUTE
    _printf_o                                0x00000000   Number         0  stubs.o ABSOLUTE
    _printf_p                                0x00000000   Number         0  stubs.o ABSOLUTE
    _printf_percent                          0x00000000   Number         0  stubs.o ABSOLUTE
    _printf_pre_padding                      0x00000000   Number         0  stubs.o ABSOLUTE
    _printf_return_value                     0x00000000   Number         0  stubs.o ABSOLUTE
    _printf_s                                0x00000000   Number         0  stubs.o ABSOLUTE
    _printf_sizespec                         0x00000000   Number         0  stubs.o ABSOLUTE
    _printf_str                              0x00000000   Number         0  stubs.o ABSOLUTE
    _printf_truncate_signed                  0x00000000   Number         0  stubs.o ABSOLUTE
    _printf_truncate_unsigned                0x00000000   Number         0  stubs.o ABSOLUTE
    _printf_u                                0x00000000   Number         0  stubs.o ABSOLUTE
    _printf_wc                               0x00000000   Number         0  stubs.o ABSOLUTE
    _printf_wctomb                           0x00000000   Number         0  stubs.o ABSOLUTE
    _printf_widthprec                        0x00000000   Number         0  stubs.o ABSOLUTE
    _printf_x                                0x00000000   Number         0  stubs.o ABSOLUTE
    __cpp_initialize__aeabi_                  - Undefined Weak Reference
    __cxa_finalize                            - Undefined Weak Reference
    __decompress                              - Undefined Weak Reference
    _clock_init                               - Undefined Weak Reference
    _microlib_exit                            - Undefined Weak Reference
    __Vectors_Size                           0x000000ec   Number         0  startup_stm32f10x_md.o ABSOLUTE
    __Vectors                                0x08000000   Data           4  startup_stm32f10x_md.o(RESET)
    __Vectors_End                            0x080000ec   Data           0  startup_stm32f10x_md.o(RESET)
    __main                                   0x080000ed   Thumb Code     0  entry.o(.ARM.Collect$$$$00000000)
    _main_stk                                0x080000ed   Thumb Code     0  entry2.o(.ARM.Collect$$$$00000001)
    _main_scatterload                        0x080000f1   Thumb Code     0  entry5.o(.ARM.Collect$$$$00000004)
    __main_after_scatterload                 0x080000f5   Thumb Code     0  entry5.o(.ARM.Collect$$$$00000004)
    _main_clock                              0x080000f5   Thumb Code     0  entry7b.o(.ARM.Collect$$$$00000008)
    _main_cpp_init                           0x080000f5   Thumb Code     0  entry8b.o(.ARM.Collect$$$$0000000A)
    _main_init                               0x080000f5   Thumb Code     0  entry9a.o(.ARM.Collect$$$$0000000B)
    __rt_final_cpp                           0x080000fd   Thumb Code     0  entry10a.o(.ARM.Collect$$$$0000000D)
    __rt_final_exit                          0x080000fd   Thumb Code     0  entry11a.o(.ARM.Collect$$$$0000000F)
    Reset_Handler                            0x08000101   Thumb Code     8  startup_stm32f10x_md.o(.text)
    ADC1_2_IRQHandler                        0x0800011b   Thumb Code     0  startup_stm32f10x_md.o(.text)
    CAN1_RX1_IRQHandler                      0x0800011b   Thumb Code     0  startup_stm32f10x_md.o(.text)
    CAN1_SCE_IRQHandler                      0x0800011b   Thumb Code     0  startup_stm32f10x_md.o(.text)
    DMA1_Channel1_IRQHandler                 0x0800011b   Thumb Code     0  startup_stm32f10x_md.o(.text)
    DMA1_Channel2_IRQHandler                 0x0800011b   Thumb Code     0  startup_stm32f10x_md.o(.text)
    DMA1_Channel3_IRQHandler                 0x0800011b   Thumb Code     0  startup_stm32f10x_md.o(.text)
    DMA1_Channel4_IRQHandler                 0x0800011b   Thumb Code     0  startup_stm32f10x_md.o(.text)
    DMA1_Channel5_IRQHandler                 0x0800011b   Thumb Code     0  startup_stm32f10x_md.o(.text)
    DMA1_Channel6_IRQHandler                 0x0800011b   Thumb Code     0  startup_stm32f10x_md.o(.text)
    DMA1_Channel7_IRQHandler                 0x0800011b   Thumb Code     0  startup_stm32f10x_md.o(.text)
    EXTI0_IRQHandler                         0x0800011b   Thumb Code     0  startup_stm32f10x_md.o(.text)
    EXTI15_10_IRQHandler                     0x0800011b   Thumb Code     0  startup_stm32f10x_md.o(.text)
    EXTI1_IRQHandler                         0x0800011b   Thumb Code     0  startup_stm32f10x_md.o(.text)
    EXTI2_IRQHandler                         0x0800011b   Thumb Code     0  startup_stm32f10x_md.o(.text)
    EXTI3_IRQHandler                         0x0800011b   Thumb Code     0  startup_stm32f10x_md.o(.text)
    EXTI4_IRQHandler                         0x0800011b   Thumb Code     0  startup_stm32f10x_md.o(.text)
    EXTI9_5_IRQHandler                       0x0800011b   Thumb Code     0  startup_stm32f10x_md.o(.text)
    FLASH_IRQHandler                         0x0800011b   Thumb Code     0  startup_stm32f10x_md.o(.text)
    I2C1_ER_IRQHandler                       0x0800011b   Thumb Code     0  startup_stm32f10x_md.o(.text)
    I2C1_EV_IRQHandler                       0x0800011b   Thumb Code     0  startup_stm32f10x_md.o(.text)
    I2C2_ER_IRQHandler                       0x0800011b   Thumb Code     0  startup_stm32f10x_md.o(.text)
    I2C2_EV_IRQHandler                       0x0800011b   Thumb Code     0  startup_stm32f10x_md.o(.text)
    PVD_IRQHandler                           0x0800011b   Thumb Code     0  startup_stm32f10x_md.o(.text)
    RCC_IRQHandler                           0x0800011b   Thumb Code     0  startup_stm32f10x_md.o(.text)
    RTCAlarm_IRQHandler                      0x0800011b   Thumb Code     0  startup_stm32f10x_md.o(.text)
    RTC_IRQHandler                           0x0800011b   Thumb Code     0  startup_stm32f10x_md.o(.text)
    SPI1_IRQHandler                          0x0800011b   Thumb Code     0  startup_stm32f10x_md.o(.text)
    SPI2_IRQHandler                          0x0800011b   Thumb Code     0  startup_stm32f10x_md.o(.text)
    TAMPER_IRQHandler                        0x0800011b   Thumb Code     0  startup_stm32f10x_md.o(.text)
    TIM1_BRK_IRQHandler                      0x0800011b   Thumb Code     0  startup_stm32f10x_md.o(.text)
    TIM1_CC_IRQHandler                       0x0800011b   Thumb Code     0  startup_stm32f10x_md.o(.text)
    TIM1_TRG_COM_IRQHandler                  0x0800011b   Thumb Code     0  startup_stm32f10x_md.o(.text)
    TIM1_UP_IRQHandler                       0x0800011b   Thumb Code     0  startup_stm32f10x_md.o(.text)
    TIM3_IRQHandler                          0x0800011b   Thumb Code     0  startup_stm32f10x_md.o(.text)
    TIM4_IRQHandler                          0x0800011b   Thumb Code     0  startup_stm32f10x_md.o(.text)
    USART1_IRQHandler                        0x0800011b   Thumb Code     0  startup_stm32f10x_md.o(.text)
    USART3_IRQHandler                        0x0800011b   Thumb Code     0  startup_stm32f10x_md.o(.text)
    USBWakeUp_IRQHandler                     0x0800011b   Thumb Code     0  startup_stm32f10x_md.o(.text)
    USB_HP_CAN1_TX_IRQHandler                0x0800011b   Thumb Code     0  startup_stm32f10x_md.o(.text)
    USB_LP_CAN1_RX0_IRQHandler               0x0800011b   Thumb Code     0  startup_stm32f10x_md.o(.text)
    WWDG_IRQHandler                          0x0800011b   Thumb Code     0  startup_stm32f10x_md.o(.text)
    __aeabi_memcpy                           0x08000125   Thumb Code    36  memcpya.o(.text)
    __aeabi_memcpy4                          0x08000125   Thumb Code     0  memcpya.o(.text)
    __aeabi_memcpy8                          0x08000125   Thumb Code     0  memcpya.o(.text)
    __aeabi_memset                           0x08000149   Thumb Code    14  memseta.o(.text)
    __aeabi_memset4                          0x08000149   Thumb Code     0  memseta.o(.text)
    __aeabi_memset8                          0x08000149   Thumb Code     0  memseta.o(.text)
    __aeabi_memclr                           0x08000157   Thumb Code     4  memseta.o(.text)
    __aeabi_memclr4                          0x08000157   Thumb Code     0  memseta.o(.text)
    __aeabi_memclr8                          0x08000157   Thumb Code     0  memseta.o(.text)
    _memset$wrapper                          0x0800015b   Thumb Code    18  memseta.o(.text)
    strstr                                   0x0800016d   Thumb Code    36  strstr.o(.text)
    strchr                                   0x08000191   Thumb Code    20  strchr.o(.text)
    strlen                                   0x080001a5   Thumb Code    14  strlen.o(.text)
    memcmp                                   0x080001b3   Thumb Code    26  memcmp.o(.text)
    __aeabi_fadd                             0x080001cd   Thumb Code   164  fadd.o(.text)
    __aeabi_fsub                             0x08000271   Thumb Code     6  fadd.o(.text)
    __aeabi_frsub                            0x08000277   Thumb Code     6  fadd.o(.text)
    __aeabi_fmul                             0x0800027d   Thumb Code   100  fmul.o(.text)
    __aeabi_fdiv                             0x080002e1   Thumb Code   124  fdiv.o(.text)
    __aeabi_dadd                             0x0800035d   Thumb Code   322  dadd.o(.text)
    __aeabi_dsub                             0x0800049f   Thumb Code     6  dadd.o(.text)
    __aeabi_drsub                            0x080004a5   Thumb Code     6  dadd.o(.text)
    __aeabi_dmul                             0x080004ab   Thumb Code   228  dmul.o(.text)
    __aeabi_ddiv                             0x0800058f   Thumb Code   222  ddiv.o(.text)
    __aeabi_i2f                              0x0800066d   Thumb Code    18  fflti.o(.text)
    __aeabi_ui2f                             0x0800067f   Thumb Code    10  ffltui.o(.text)
    __aeabi_i2d                              0x08000689   Thumb Code    34  dflti.o(.text)
    __aeabi_f2uiz                            0x080006ab   Thumb Code    40  ffixui.o(.text)
    __aeabi_d2iz                             0x080006d3   Thumb Code    62  dfixi.o(.text)
    __aeabi_f2d                              0x08000711   Thumb Code    38  f2d.o(.text)
    __aeabi_cdcmpeq                          0x08000739   Thumb Code     0  cdcmple.o(.text)
    __aeabi_cdcmple                          0x08000739   Thumb Code    48  cdcmple.o(.text)
    __aeabi_cdrcmple                         0x08000769   Thumb Code    48  cdrcmple.o(.text)
    __aeabi_cfrcmple                         0x08000799   Thumb Code    20  cfrcmple.o(.text)
    __aeabi_uidiv                            0x080007ad   Thumb Code     0  uidiv.o(.text)
    __aeabi_uidivmod                         0x080007ad   Thumb Code    44  uidiv.o(.text)
    __aeabi_uldivmod                         0x080007d9   Thumb Code    98  uldiv.o(.text)
    __aeabi_llsl                             0x0800083b   Thumb Code    30  llshl.o(.text)
    _ll_shift_l                              0x0800083b   Thumb Code     0  llshl.o(.text)
    __aeabi_llsr                             0x08000859   Thumb Code    32  llushr.o(.text)
    _ll_ushift_r                             0x08000859   Thumb Code     0  llushr.o(.text)
    __aeabi_lasr                             0x08000879   Thumb Code    36  llsshr.o(.text)
    _ll_sshift_r                             0x08000879   Thumb Code     0  llsshr.o(.text)
    __I$use$fp                               0x0800089d   Thumb Code     0  iusefp.o(.text)
    _float_round                             0x0800089d   Thumb Code    18  fepilogue.o(.text)
    _float_epilogue                          0x080008af   Thumb Code    92  fepilogue.o(.text)
    _double_round                            0x0800090b   Thumb Code    30  depilogue.o(.text)
    _double_epilogue                         0x08000929   Thumb Code   156  depilogue.o(.text)
    __aeabi_d2ulz                            0x080009c5   Thumb Code    48  dfixul.o(.text)
    __scatterload                            0x080009f5   Thumb Code    28  init.o(.text)
    __scatterload_rt2                        0x080009f5   Thumb Code     0  init.o(.text)
    ADC_Cmd                                  0x08000a19   Thumb Code    22  stm32f10x_adc.o(i.ADC_Cmd)
    ADC_GetCalibrationStatus                 0x08000a2f   Thumb Code    20  stm32f10x_adc.o(i.ADC_GetCalibrationStatus)
    ADC_GetConversionValue                   0x08000a43   Thumb Code     8  stm32f10x_adc.o(i.ADC_GetConversionValue)
    ADC_GetFlagStatus                        0x08000a4b   Thumb Code    18  stm32f10x_adc.o(i.ADC_GetFlagStatus)
    ADC_GetResetCalibrationStatus            0x08000a5d   Thumb Code    20  stm32f10x_adc.o(i.ADC_GetResetCalibrationStatus)
    ADC_Init                                 0x08000a71   Thumb Code    70  stm32f10x_adc.o(i.ADC_Init)
    ADC_RegularChannelConfig                 0x08000ac1   Thumb Code   184  stm32f10x_adc.o(i.ADC_RegularChannelConfig)
    ADC_ResetCalibration                     0x08000b79   Thumb Code    10  stm32f10x_adc.o(i.ADC_ResetCalibration)
    ADC_SoftwareStartConvCmd                 0x08000b83   Thumb Code    22  stm32f10x_adc.o(i.ADC_SoftwareStartConvCmd)
    ADC_StartCalibration                     0x08000b99   Thumb Code    10  stm32f10x_adc.o(i.ADC_StartCalibration)
    Air780E_Init                             0x08000ba5   Thumb Code    46  air780e.o(i.Air780E_Init)
    Air780E_LuatCloudConnect                 0x08000be1   Thumb Code   148  air780e.o(i.Air780E_LuatCloudConnect)
    Air780E_LuatCloudPublish                 0x08000d15   Thumb Code    52  air780e.o(i.Air780E_LuatCloudPublish)
    BCDToDec                                 0x08000d75   Thumb Code    20  ds1302.o(i.BCDToDec)
    BusFault_Handler                         0x08000d89   Thumb Code     4  stm32f10x_it.o(i.BusFault_Handler)
    ClearRxBuffer                            0x08000d8d   Thumb Code    20  air780e.o(i.ClearRxBuffer)
    Crop_GetBaseTemp                         0x08000da9   Thumb Code    18  crop.o(i.Crop_GetBaseTemp)
    Crop_GetProgress                         0x08000dc5   Thumb Code   110  crop.o(i.Crop_GetProgress)
    Crop_GetStage                            0x08000e3d   Thumb Code    58  crop.o(i.Crop_GetStage)
    DHT11_Init                               0x08000e81   Thumb Code    46  dht11.o(i.DHT11_Init)
    DHT11_Read_Data                          0x08000eb5   Thumb Code   228  dht11.o(i.DHT11_Read_Data)
    DS1302_Init                              0x08000fdd   Thumb Code    64  ds1302.o(i.DS1302_Init)
    DS1302_ReadByte                          0x08001021   Thumb Code    82  ds1302.o(i.DS1302_ReadByte)
    DS1302_ReadTime                          0x08001079   Thumb Code   122  ds1302.o(i.DS1302_ReadTime)
    DS1302_SetTime                           0x080010f9   Thumb Code   162  ds1302.o(i.DS1302_SetTime)
    DS1302_WriteByte                         0x080011a1   Thumb Code    84  ds1302.o(i.DS1302_WriteByte)
    DS18B20_GetTemp                          0x080011f9   Thumb Code    80  ds18b20.o(i.DS18B20_GetTemp)
    DS18B20_Init                             0x0800124d   Thumb Code    16  ds18b20.o(i.DS18B20_Init)
    DS18B20_ReadByte                         0x0800129d   Thumb Code    78  ds18b20.o(i.DS18B20_ReadByte)
    DS18B20_Reset                            0x080012f1   Thumb Code    66  ds18b20.o(i.DS18B20_Reset)
    DS18B20_WriteByte                        0x08001339   Thumb Code    76  ds18b20.o(i.DS18B20_WriteByte)
    DebugMon_Handler                         0x08001389   Thumb Code     2  stm32f10x_it.o(i.DebugMon_Handler)
    DecToBCD                                 0x0800138b   Thumb Code    26  ds1302.o(i.DecToBCD)
    FLASH_ClearFlag                          0x08001409   Thumb Code     6  stm32f10x_flash.o(i.FLASH_ClearFlag)
    FLASH_ErasePage                          0x08001415   Thumb Code    72  stm32f10x_flash.o(i.FLASH_ErasePage)
    FLASH_GetBank1Status                     0x08001461   Thumb Code    48  stm32f10x_flash.o(i.FLASH_GetBank1Status)
    FLASH_Lock                               0x08001495   Thumb Code    14  stm32f10x_flash.o(i.FLASH_Lock)
    FLASH_ProgramWord                        0x080014a9   Thumb Code   102  stm32f10x_flash.o(i.FLASH_ProgramWord)
    FLASH_Unlock                             0x08001515   Thumb Code    12  stm32f10x_flash.o(i.FLASH_Unlock)
    FLASH_WaitForLastOperation               0x0800152d   Thumb Code    38  stm32f10x_flash.o(i.FLASH_WaitForLastOperation)
    GPIO_Init                                0x080015b1   Thumb Code   278  stm32f10x_gpio.o(i.GPIO_Init)
    GPIO_ReadInputDataBit                    0x080016c7   Thumb Code    18  stm32f10x_gpio.o(i.GPIO_ReadInputDataBit)
    GPIO_ResetBits                           0x080016d9   Thumb Code     4  stm32f10x_gpio.o(i.GPIO_ResetBits)
    GPIO_SetBits                             0x080016dd   Thumb Code     4  stm32f10x_gpio.o(i.GPIO_SetBits)
    GPIO_WriteBit                            0x080016e1   Thumb Code    10  stm32f10x_gpio.o(i.GPIO_WriteBit)
    HardFault_Handler                        0x080016eb   Thumb Code     4  stm32f10x_it.o(i.HardFault_Handler)
    Key_Init                                 0x08001715   Thumb Code    58  key.o(i.Key_Init)
    Key_Scan                                 0x08001759   Thumb Code   190  key.o(i.Key_Scan)
    MemManage_Handler                        0x08001831   Thumb Code     4  stm32f10x_it.o(i.MemManage_Handler)
    NMI_Handler                              0x08001835   Thumb Code     2  stm32f10x_it.o(i.NMI_Handler)
    NVIC_Init                                0x08001839   Thumb Code   100  misc.o(i.NVIC_Init)
    OLED_Clear                               0x080018a9   Thumb Code    42  oled.o(i.OLED_Clear)
    OLED_I2C_Init                            0x080018d5   Thumb Code    76  oled.o(i.OLED_I2C_Init)
    OLED_I2C_SendByte                        0x08001925   Thumb Code    88  oled.o(i.OLED_I2C_SendByte)
    OLED_I2C_Start                           0x08001981   Thumb Code    48  oled.o(i.OLED_I2C_Start)
    OLED_I2C_Stop                            0x080019b5   Thumb Code    36  oled.o(i.OLED_I2C_Stop)
    OLED_Init                                0x080019dd   Thumb Code   174  oled.o(i.OLED_Init)
    OLED_Pow                                 0x08001a8b   Thumb Code    20  oled.o(i.OLED_Pow)
    OLED_SetCursor                           0x08001a9f   Thumb Code    34  oled.o(i.OLED_SetCursor)
    OLED_ShowChar                            0x08001ac1   Thumb Code   110  oled.o(i.OLED_ShowChar)
    OLED_ShowNum                             0x08001b35   Thumb Code    68  oled.o(i.OLED_ShowNum)
    OLED_ShowString                          0x08001b79   Thumb Code    40  oled.o(i.OLED_ShowString)
    OLED_WriteCommand                        0x08001ba1   Thumb Code    32  oled.o(i.OLED_WriteCommand)
    OLED_WriteData                           0x08001bc1   Thumb Code    32  oled.o(i.OLED_WriteData)
    PendSV_Handler                           0x080024f1   Thumb Code     2  stm32f10x_it.o(i.PendSV_Handler)
    RCC_ADCCLKConfig                         0x080024f5   Thumb Code    18  stm32f10x_rcc.o(i.RCC_ADCCLKConfig)
    RCC_APB1PeriphClockCmd                   0x0800250d   Thumb Code    26  stm32f10x_rcc.o(i.RCC_APB1PeriphClockCmd)
    RCC_APB2PeriphClockCmd                   0x0800252d   Thumb Code    26  stm32f10x_rcc.o(i.RCC_APB2PeriphClockCmd)
    RCC_GetClocksFreq                        0x0800254d   Thumb Code   192  stm32f10x_rcc.o(i.RCC_GetClocksFreq)
    Rain_Detected                            0x08002621   Thumb Code    22  rain.o(i.Rain_Detected)
    Rain_Init                                0x0800263d   Thumb Code    34  rain.o(i.Rain_Init)
    Relay_Control                            0x080026b9   Thumb Code    68  relay.o(i.Relay_Control)
    Relay_Init                               0x08002711   Thumb Code    44  relay.o(i.Relay_Init)
    Relay_SetOff                             0x08002741   Thumb Code    20  relay.o(i.Relay_SetOff)
    Relay_SetOn                              0x0800275d   Thumb Code    20  relay.o(i.Relay_SetOn)
    SDLog_Init                               0x080027a9   Thumb Code    72  sdlog.o(i.SDLog_Init)
    SDLog_NewDay                             0x08002805   Thumb Code    62  sdlog.o(i.SDLog_NewDay)
    SDLog_Write                              0x08002851   Thumb Code   108  sdlog.o(i.SDLog_Write)
    SPI_Cmd                                  0x080029a7   Thumb Code    24  stm32f10x_spi.o(i.SPI_Cmd)
    SPI_I2S_GetFlagStatus                    0x080029bf   Thumb Code    18  stm32f10x_spi.o(i.SPI_I2S_GetFlagStatus)
    SPI_I2S_ReceiveData                      0x080029d1   Thumb Code     6  stm32f10x_spi.o(i.SPI_I2S_ReceiveData)
    SPI_I2S_SendData                         0x080029d7   Thumb Code     4  stm32f10x_spi.o(i.SPI_I2S_SendData)
    SPI_Init                                 0x080029db   Thumb Code    60  stm32f10x_spi.o(i.SPI_Init)
    SVC_Handler                              0x08002b39   Thumb Code     2  stm32f10x_it.o(i.SVC_Handler)
    Soil_GetHumidity                         0x08002cb5   Thumb Code    42  soil.o(i.Soil_GetHumidity)
    Soil_Init                                0x08002ce1   Thumb Code   132  soil.o(i.Soil_Init)
    Soil_ReadADC                             0x08002d6d   Thumb Code    44  soil.o(i.Soil_ReadADC)
    Soil_ReadADC_Avg                         0x08002d9d   Thumb Code    32  soil.o(i.Soil_ReadADC_Avg)
    SysTick_Handler                          0x08002dbd   Thumb Code    12  main.o(i.SysTick_Handler)
    SystemInit                               0x08002dcd   Thumb Code    78  system_stm32f10x.o(i.SystemInit)
    TIM2_IRQHandler                          0x08002e2d   Thumb Code    28  main.o(i.TIM2_IRQHandler)
    TIM_ClearITPendingBit                    0x08002e4d   Thumb Code     6  stm32f10x_tim.o(i.TIM_ClearITPendingBit)
    TIM_Cmd                                  0x08002e53   Thumb Code    24  stm32f10x_tim.o(i.TIM_Cmd)
    TIM_GetCounter                           0x08002e6b   Thumb Code     6  stm32f10x_tim.o(i.TIM_GetCounter)
    TIM_GetITStatus                          0x08002e71   Thumb Code    34  stm32f10x_tim.o(i.TIM_GetITStatus)
    TIM_ITConfig                             0x08002e93   Thumb Code    18  stm32f10x_tim.o(i.TIM_ITConfig)
    TIM_SetCounter                           0x08002ea5   Thumb Code     4  stm32f10x_tim.o(i.TIM_SetCounter)
    TIM_TimeBaseInit                         0x08002ea9   Thumb Code   122  stm32f10x_tim.o(i.TIM_TimeBaseInit)
    UI_HandleKey                             0x08002fe1   Thumb Code  1128  ui.o(i.UI_HandleKey)
    UI_Init                                  0x08003449   Thumb Code    22  ui.o(i.UI_Init)
    UI_Refresh                               0x08003469   Thumb Code   164  ui.o(i.UI_Refresh)
    USART2_IRQHandler                        0x08003519   Thumb Code    52  air780e.o(i.USART2_IRQHandler)
    USART2_Init                              0x08003559   Thumb Code   154  air780e.o(i.USART2_Init)
    USART2_SendString                        0x080035fd   Thumb Code    38  air780e.o(i.USART2_SendString)
    USART2_WaitResponse                      0x08003629   Thumb Code    46  air780e.o(i.USART2_WaitResponse)
    USART_Cmd                                0x08003661   Thumb Code    24  stm32f10x_usart.o(i.USART_Cmd)
    USART_GetFlagStatus                      0x08003679   Thumb Code    26  stm32f10x_usart.o(i.USART_GetFlagStatus)
    USART_GetITStatus                        0x08003693   Thumb Code    84  stm32f10x_usart.o(i.USART_GetITStatus)
    USART_ITConfig                           0x080036e7   Thumb Code    74  stm32f10x_usart.o(i.USART_ITConfig)
    USART_Init                               0x08003731   Thumb Code   210  stm32f10x_usart.o(i.USART_Init)
    USART_ReceiveData                        0x08003809   Thumb Code    10  stm32f10x_usart.o(i.USART_ReceiveData)
    USART_SendData                           0x08003813   Thumb Code     8  stm32f10x_usart.o(i.USART_SendData)
    UsageFault_Handler                       0x0800381b   Thumb Code     4  stm32f10x_it.o(i.UsageFault_Handler)
    __0sprintf                               0x08003821   Thumb Code    34  printfa.o(i.__0sprintf)
    __1sprintf                               0x08003821   Thumb Code     0  printfa.o(i.__0sprintf)
    __2sprintf                               0x08003821   Thumb Code     0  printfa.o(i.__0sprintf)
    __c89sprintf                             0x08003821   Thumb Code     0  printfa.o(i.__0sprintf)
    sprintf                                  0x08003821   Thumb Code     0  printfa.o(i.__0sprintf)
    __scatterload_copy                       0x08003849   Thumb Code    14  handlers.o(i.__scatterload_copy)
    __scatterload_null                       0x08003857   Thumb Code     2  handlers.o(i.__scatterload_null)
    __scatterload_zeroinit                   0x08003859   Thumb Code    14  handlers.o(i.__scatterload_zeroinit)
    disk_initialize                          0x08004abd   Thumb Code   292  diskio.o(i.disk_initialize)
    disk_ioctl                               0x08004be5   Thumb Code    68  diskio.o(i.disk_ioctl)
    disk_read                                0x08004c2d   Thumb Code   156  diskio.o(i.disk_read)
    disk_status                              0x08004cd1   Thumb Code    14  diskio.o(i.disk_status)
    disk_write                               0x08004ce5   Thumb Code   194  diskio.o(i.disk_write)
    f_close                                  0x08004db1   Thumb Code    34  ff.o(i.f_close)
    f_lseek                                  0x08004dd3   Thumb Code   324  ff.o(i.f_lseek)
    f_mount                                  0x08004f19   Thumb Code    80  ff.o(i.f_mount)
    f_open                                   0x08004f6d   Thumb Code   462  ff.o(i.f_open)
    f_printf                                 0x0800513b   Thumb Code   834  ff.o(i.f_printf)
    f_sync                                   0x0800547d   Thumb Code   118  ff.o(i.f_sync)
    f_write                                  0x080054f3   Thumb Code   466  ff.o(i.f_write)
    ff_oem2uni                               0x080056c5   Thumb Code    38  ffunicode.o(i.ff_oem2uni)
    ff_uni2oem                               0x080056f1   Thumb Code    58  ffunicode.o(i.ff_uni2oem)
    ff_wtoupper                              0x08005731   Thumb Code   166  ffunicode.o(i.ff_wtoupper)
    get_fattime                              0x08005d01   Thumb Code     4  diskio.o(i.get_fattime)
    main                                     0x08005ec9   Thumb Code   884  main.o(i.main)
    OLED_F8x16                               0x08006a4a   Data        1520  oled.o(.constdata)
    Region$$Table$$Base                      0x08007534   Number         0  anon$$obj.o(Region$$Table)
    Region$$Table$$Limit                     0x08007554   Number         0  anon$$obj.o(Region$$Table)
    SystemCoreClock                          0x20000000   Data           4  system_stm32f10x.o(.data)
    AHBPrescTable                            0x20000004   Data          16  system_stm32f10x.o(.data)
    g_cropIndex                              0x2000002e   Data           1  crop.o(.data)
    g_cropPresets                            0x20000030   Data         132  crop.o(.data)
    g_page                                   0x200000b4   Data           1  ui.o(.data)
    g_inSet                                  0x200000b5   Data           1  ui.o(.data)
    g_setItem                                0x200000b6   Data           1  ui.o(.data)
    g_baseTemp                               0x200000b7   Data           1  ui.o(.data)
    g_tempMax                                0x200000b8   Data           1  ui.o(.data)
    g_resetConfirm                           0x200000b9   Data           1  ui.o(.data)
    g_pumpState                              0x200000ba   Data           1  relay.o(.data)
    g_pumpTempOn                             0x200000bb   Data           1  relay.o(.data)
    g_pumpTempOff                            0x200000bc   Data           1  relay.o(.data)
    g_pumpHumOn                              0x200000bd   Data           1  relay.o(.data)
    g_pumpHumOff                             0x200000be   Data           1  relay.o(.data)
    rxIndex                                  0x200000c0   Data           2  air780e.o(.data)
    now                                      0x200000cc   Data           7  main.o(.data)
    totalGDD                                 0x200000d4   Data           4  main.o(.data)
    tMax                                     0x200000d8   Data           1  main.o(.data)
    tMin                                     0x200000d9   Data           1  main.o(.data)
    hasData                                  0x200000da   Data           1  main.o(.data)
    lastDay                                  0x200000db   Data           1  main.o(.data)
    airTemp                                  0x200000dc   Data           1  main.o(.data)
    humidity                                 0x200000dd   Data           1  main.o(.data)
    soilTemp                                 0x200000e0   Data           4  main.o(.data)
    soilHum                                  0x200000e4   Data           1  main.o(.data)
    hasRain                                  0x200000e5   Data           1  main.o(.data)
    g_ms                                     0x200000e8   Data           4  main.o(.data)
    g_tick10ms                               0x200000ec   Data           1  main.o(.data)
    lastUploadTime                           0x200000f0   Data           4  main.o(.data)
    rxBuffer                                 0x200000f8   Data         512  air780e.o(.bss)
    __initial_sp                             0x20000b68   Data           0  startup_stm32f10x_md.o(STACK)



==============================================================================

Memory Map of the image

  Image Entry point : 0x080000ed

  Load Region LR_IROM1 (Base: 0x08000000, Size: 0x0000764c, Max: 0x00010000, ABSOLUTE)

    Execution Region ER_IROM1 (Exec base: 0x08000000, Load base: 0x08000000, Size: 0x00007554, Max: 0x00010000, ABSOLUTE)

    Exec Addr    Load Addr    Size         Type   Attr      Idx    E Section Name        Object

    0x08000000   0x08000000   0x000000ec   Data   RO            3    RESET               startup_stm32f10x_md.o
    0x080000ec   0x080000ec   0x00000000   Code   RO         4599  * .ARM.Collect$$$$00000000  mc_w.l(entry.o)
    0x080000ec   0x080000ec   0x00000004   Code   RO         4907    .ARM.Collect$$$$00000001  mc_w.l(entry2.o)
    0x080000f0   0x080000f0   0x00000004   Code   RO         4910    .ARM.Collect$$$$00000004  mc_w.l(entry5.o)
    0x080000f4   0x080000f4   0x00000000   Code   RO         4912    .ARM.Collect$$$$00000008  mc_w.l(entry7b.o)
    0x080000f4   0x080000f4   0x00000000   Code   RO         4914    .ARM.Collect$$$$0000000A  mc_w.l(entry8b.o)
    0x080000f4   0x080000f4   0x00000008   Code   RO         4915    .ARM.Collect$$$$0000000B  mc_w.l(entry9a.o)
    0x080000fc   0x080000fc   0x00000000   Code   RO         4917    .ARM.Collect$$$$0000000D  mc_w.l(entry10a.o)
    0x080000fc   0x080000fc   0x00000000   Code   RO         4919    .ARM.Collect$$$$0000000F  mc_w.l(entry11a.o)
    0x080000fc   0x080000fc   0x00000004   Code   RO         4908    .ARM.Collect$$$$00002712  mc_w.l(entry2.o)
    0x08000100   0x08000100   0x00000024   Code   RO            4    .text               startup_stm32f10x_md.o
    0x08000124   0x08000124   0x00000024   Code   RO         4602    .text               mc_w.l(memcpya.o)
    0x08000148   0x08000148   0x00000024   Code   RO         4604    .text               mc_w.l(memseta.o)
    0x0800016c   0x0800016c   0x00000024   Code   RO         4606    .text               mc_w.l(strstr.o)
    0x08000190   0x08000190   0x00000014   Code   RO         4608    .text               mc_w.l(strchr.o)
    0x080001a4   0x080001a4   0x0000000e   Code   RO         4610    .text               mc_w.l(strlen.o)
    0x080001b2   0x080001b2   0x0000001a   Code   RO         4612    .text               mc_w.l(memcmp.o)
    0x080001cc   0x080001cc   0x000000b0   Code   RO         4877    .text               mf_w.l(fadd.o)
    0x0800027c   0x0800027c   0x00000064   Code   RO         4879    .text               mf_w.l(fmul.o)
    0x080002e0   0x080002e0   0x0000007c   Code   RO         4881    .text               mf_w.l(fdiv.o)
    0x0800035c   0x0800035c   0x0000014e   Code   RO         4883    .text               mf_w.l(dadd.o)
    0x080004aa   0x080004aa   0x000000e4   Code   RO         4885    .text               mf_w.l(dmul.o)
    0x0800058e   0x0800058e   0x000000de   Code   RO         4887    .text               mf_w.l(ddiv.o)
    0x0800066c   0x0800066c   0x00000012   Code   RO         4889    .text               mf_w.l(fflti.o)
    0x0800067e   0x0800067e   0x0000000a   Code   RO         4891    .text               mf_w.l(ffltui.o)
    0x08000688   0x08000688   0x00000022   Code   RO         4893    .text               mf_w.l(dflti.o)
    0x080006aa   0x080006aa   0x00000028   Code   RO         4895    .text               mf_w.l(ffixui.o)
    0x080006d2   0x080006d2   0x0000003e   Code   RO         4897    .text               mf_w.l(dfixi.o)
    0x08000710   0x08000710   0x00000026   Code   RO         4899    .text               mf_w.l(f2d.o)
    0x08000736   0x08000736   0x00000002   PAD
    0x08000738   0x08000738   0x00000030   Code   RO         4901    .text               mf_w.l(cdcmple.o)
    0x08000768   0x08000768   0x00000030   Code   RO         4903    .text               mf_w.l(cdrcmple.o)
    0x08000798   0x08000798   0x00000014   Code   RO         4905    .text               mf_w.l(cfrcmple.o)
    0x080007ac   0x080007ac   0x0000002c   Code   RO         4924    .text               mc_w.l(uidiv.o)
    0x080007d8   0x080007d8   0x00000062   Code   RO         4926    .text               mc_w.l(uldiv.o)
    0x0800083a   0x0800083a   0x0000001e   Code   RO         4928    .text               mc_w.l(llshl.o)
    0x08000858   0x08000858   0x00000020   Code   RO         4930    .text               mc_w.l(llushr.o)
    0x08000878   0x08000878   0x00000024   Code   RO         4932    .text               mc_w.l(llsshr.o)
    0x0800089c   0x0800089c   0x00000000   Code   RO         4934    .text               mc_w.l(iusefp.o)
    0x0800089c   0x0800089c   0x0000006e   Code   RO         4935    .text               mf_w.l(fepilogue.o)
    0x0800090a   0x0800090a   0x000000ba   Code   RO         4937    .text               mf_w.l(depilogue.o)
    0x080009c4   0x080009c4   0x00000030   Code   RO         4939    .text               mf_w.l(dfixul.o)
    0x080009f4   0x080009f4   0x00000024   Code   RO         4941    .text               mc_w.l(init.o)
    0x08000a18   0x08000a18   0x00000016   Code   RO          202    i.ADC_Cmd           stm32f10x_adc.o
    0x08000a2e   0x08000a2e   0x00000014   Code   RO          210    i.ADC_GetCalibrationStatus  stm32f10x_adc.o
    0x08000a42   0x08000a42   0x00000008   Code   RO          211    i.ADC_GetConversionValue  stm32f10x_adc.o
    0x08000a4a   0x08000a4a   0x00000012   Code   RO          213    i.ADC_GetFlagStatus  stm32f10x_adc.o
    0x08000a5c   0x08000a5c   0x00000014   Code   RO          216    i.ADC_GetResetCalibrationStatus  stm32f10x_adc.o
    0x08000a70   0x08000a70   0x00000050   Code   RO          220    i.ADC_Init          stm32f10x_adc.o
    0x08000ac0   0x08000ac0   0x000000b8   Code   RO          224    i.ADC_RegularChannelConfig  stm32f10x_adc.o
    0x08000b78   0x08000b78   0x0000000a   Code   RO          225    i.ADC_ResetCalibration  stm32f10x_adc.o
    0x08000b82   0x08000b82   0x00000016   Code   RO          227    i.ADC_SoftwareStartConvCmd  stm32f10x_adc.o
    0x08000b98   0x08000b98   0x0000000a   Code   RO          229    i.ADC_StartCalibration  stm32f10x_adc.o
    0x08000ba2   0x08000ba2   0x00000002   PAD
    0x08000ba4   0x08000ba4   0x0000003c   Code   RO         3856    i.Air780E_Init      air780e.o
    0x08000be0   0x08000be0   0x00000134   Code   RO         3857    i.Air780E_LuatCloudConnect  air780e.o
    0x08000d14   0x08000d14   0x00000060   Code   RO         3858    i.Air780E_LuatCloudPublish  air780e.o
    0x08000d74   0x08000d74   0x00000014   Code   RO         3475    i.BCDToDec          ds1302.o
    0x08000d88   0x08000d88   0x00000004   Code   RO         4504    i.BusFault_Handler  stm32f10x_it.o
    0x08000d8c   0x08000d8c   0x0000001c   Code   RO         3859    i.ClearRxBuffer     air780e.o
    0x08000da8   0x08000da8   0x0000001c   Code   RO         3548    i.Crop_GetBaseTemp  crop.o
    0x08000dc4   0x08000dc4   0x00000078   Code   RO         3549    i.Crop_GetProgress  crop.o
    0x08000e3c   0x08000e3c   0x00000044   Code   RO         3550    i.Crop_GetStage     crop.o
    0x08000e80   0x08000e80   0x00000034   Code   RO         3328    i.DHT11_Init        dht11.o
    0x08000eb4   0x08000eb4   0x000000e8   Code   RO         3329    i.DHT11_Read_Data   dht11.o
    0x08000f9c   0x08000f9c   0x0000001c   Code   RO         3330    i.DHT11_Set_Input   dht11.o
    0x08000fb8   0x08000fb8   0x00000024   Code   RO         3331    i.DHT11_Set_Output  dht11.o
    0x08000fdc   0x08000fdc   0x00000044   Code   RO         3476    i.DS1302_Init       ds1302.o
    0x08001020   0x08001020   0x00000058   Code   RO         3477    i.DS1302_ReadByte   ds1302.o
    0x08001078   0x08001078   0x00000080   Code   RO         3478    i.DS1302_ReadTime   ds1302.o
    0x080010f8   0x080010f8   0x000000a8   Code   RO         3479    i.DS1302_SetTime    ds1302.o
    0x080011a0   0x080011a0   0x00000058   Code   RO         3480    i.DS1302_WriteByte  ds1302.o
    0x080011f8   0x080011f8   0x00000054   Code   RO         3403    i.DS18B20_GetTemp   ds18b20.o
    0x0800124c   0x0800124c   0x00000010   Code   RO         3404    i.DS18B20_Init      ds18b20.o
    0x0800125c   0x0800125c   0x0000001c   Code   RO         3405    i.DS18B20_Mode_In   ds18b20.o
    0x08001278   0x08001278   0x00000024   Code   RO         3406    i.DS18B20_Mode_Out  ds18b20.o
    0x0800129c   0x0800129c   0x00000054   Code   RO         3407    i.DS18B20_ReadByte  ds18b20.o
    0x080012f0   0x080012f0   0x00000048   Code   RO         3408    i.DS18B20_Reset     ds18b20.o
    0x08001338   0x08001338   0x00000050   Code   RO         3409    i.DS18B20_WriteByte  ds18b20.o
    0x08001388   0x08001388   0x00000002   Code   RO         4505    i.DebugMon_Handler  stm32f10x_it.o
    0x0800138a   0x0800138a   0x0000001a   Code   RO         3481    i.DecToBCD          ds1302.o
    0x080013a4   0x080013a4   0x00000014   Code   RO         3578    i.DecVal16          ui.o
    0x080013b8   0x080013b8   0x00000010   Code   RO         3579    i.DecVal8           ui.o
    0x080013c8   0x080013c8   0x00000020   Code   RO         3332    i.Delay_us          dht11.o
    0x080013e8   0x080013e8   0x00000020   Code   RO         3410    i.Delay_us          ds18b20.o
    0x08001408   0x08001408   0x0000000c   Code   RO         1041    i.FLASH_ClearFlag   stm32f10x_flash.o
    0x08001414   0x08001414   0x0000004c   Code   RO         1046    i.FLASH_ErasePage   stm32f10x_flash.o
    0x08001460   0x08001460   0x00000034   Code   RO         1047    i.FLASH_GetBank1Status  stm32f10x_flash.o
    0x08001494   0x08001494   0x00000014   Code   RO         1056    i.FLASH_Lock        stm32f10x_flash.o
    0x080014a8   0x080014a8   0x0000006c   Code   RO         1061    i.FLASH_ProgramWord  stm32f10x_flash.o
    0x08001514   0x08001514   0x00000018   Code   RO         1064    i.FLASH_Unlock      stm32f10x_flash.o
    0x0800152c   0x0800152c   0x00000026   Code   RO         1068    i.FLASH_WaitForLastOperation  stm32f10x_flash.o
    0x08001552   0x08001552   0x00000002   PAD
    0x08001554   0x08001554   0x00000014   Code   RO         4402    i.Flash_LoadCrop    main.o
    0x08001568   0x08001568   0x00000014   Code   RO         4403    i.Flash_LoadGDD     main.o
    0x0800157c   0x0800157c   0x00000034   Code   RO         4404    i.Flash_Save        main.o
    0x080015b0   0x080015b0   0x00000116   Code   RO         1347    i.GPIO_Init         stm32f10x_gpio.o
    0x080016c6   0x080016c6   0x00000012   Code   RO         1351    i.GPIO_ReadInputDataBit  stm32f10x_gpio.o
    0x080016d8   0x080016d8   0x00000004   Code   RO         1354    i.GPIO_ResetBits    stm32f10x_gpio.o
    0x080016dc   0x080016dc   0x00000004   Code   RO         1355    i.GPIO_SetBits      stm32f10x_gpio.o
    0x080016e0   0x080016e0   0x0000000a   Code   RO         1358    i.GPIO_WriteBit     stm32f10x_gpio.o
    0x080016ea   0x080016ea   0x00000004   Code   RO         4506    i.HardFault_Handler  stm32f10x_it.o
    0x080016ee   0x080016ee   0x00000014   Code   RO         3580    i.IncVal16          ui.o
    0x08001702   0x08001702   0x00000010   Code   RO         3581    i.IncVal8           ui.o
    0x08001712   0x08001712   0x00000002   PAD
    0x08001714   0x08001714   0x00000044   Code   RO         3526    i.Key_Init          key.o
    0x08001758   0x08001758   0x000000d8   Code   RO         3527    i.Key_Scan          key.o
    0x08001830   0x08001830   0x00000004   Code   RO         4507    i.MemManage_Handler  stm32f10x_it.o
    0x08001834   0x08001834   0x00000002   Code   RO         4508    i.NMI_Handler       stm32f10x_it.o
    0x08001836   0x08001836   0x00000002   PAD
    0x08001838   0x08001838   0x00000070   Code   RO          137    i.NVIC_Init         misc.o
    0x080018a8   0x080018a8   0x0000002a   Code   RO         3220    i.OLED_Clear        oled.o
    0x080018d2   0x080018d2   0x00000002   PAD
    0x080018d4   0x080018d4   0x00000050   Code   RO         3221    i.OLED_I2C_Init     oled.o
    0x08001924   0x08001924   0x0000005c   Code   RO         3222    i.OLED_I2C_SendByte  oled.o
    0x08001980   0x08001980   0x00000034   Code   RO         3223    i.OLED_I2C_Start    oled.o
    0x080019b4   0x080019b4   0x00000028   Code   RO         3224    i.OLED_I2C_Stop     oled.o
    0x080019dc   0x080019dc   0x000000ae   Code   RO         3225    i.OLED_Init         oled.o
    0x08001a8a   0x08001a8a   0x00000014   Code   RO         3226    i.OLED_Pow          oled.o
    0x08001a9e   0x08001a9e   0x00000022   Code   RO         3227    i.OLED_SetCursor    oled.o
    0x08001ac0   0x08001ac0   0x00000074   Code   RO         3229    i.OLED_ShowChar     oled.o
    0x08001b34   0x08001b34   0x00000044   Code   RO         3231    i.OLED_ShowNum      oled.o
    0x08001b78   0x08001b78   0x00000028   Code   RO         3233    i.OLED_ShowString   oled.o
    0x08001ba0   0x08001ba0   0x00000020   Code   RO         3234    i.OLED_WriteCommand  oled.o
    0x08001bc0   0x08001bc0   0x00000020   Code   RO         3235    i.OLED_WriteData    oled.o
    0x08001be0   0x08001be0   0x00000104   Code   RO         3582    i.Page_Crop         ui.o
    0x08001ce4   0x08001ce4   0x0000019c   Code   RO         3583    i.Page_Monitor      ui.o
    0x08001e80   0x08001e80   0x00000118   Code   RO         3584    i.Page_SetA         ui.o
    0x08001f98   0x08001f98   0x00000124   Code   RO         3585    i.Page_SetB         ui.o
    0x080020bc   0x080020bc   0x000000d8   Code   RO         3586    i.Page_SetC         ui.o
    0x08002194   0x08002194   0x000000c4   Code   RO         3587    i.Page_SetD         ui.o
    0x08002258   0x08002258   0x00000158   Code   RO         3588    i.Page_SetE         ui.o
    0x080023b0   0x080023b0   0x000000d8   Code   RO         3589    i.Page_SetF         ui.o
    0x08002488   0x08002488   0x00000068   Code   RO         3590    i.Page_SetHint      ui.o
    0x080024f0   0x080024f0   0x00000002   Code   RO         4509    i.PendSV_Handler    stm32f10x_it.o
    0x080024f2   0x080024f2   0x00000002   PAD
    0x080024f4   0x080024f4   0x00000018   Code   RO         1773    i.RCC_ADCCLKConfig  stm32f10x_rcc.o
    0x0800250c   0x0800250c   0x00000020   Code   RO         1775    i.RCC_APB1PeriphClockCmd  stm32f10x_rcc.o
    0x0800252c   0x0800252c   0x00000020   Code   RO         1777    i.RCC_APB2PeriphClockCmd  stm32f10x_rcc.o
    0x0800254c   0x0800254c   0x000000d4   Code   RO         1785    i.RCC_GetClocksFreq  stm32f10x_rcc.o
    0x08002620   0x08002620   0x0000001c   Code   RO         3763    i.Rain_Detected     rain.o
    0x0800263c   0x0800263c   0x00000028   Code   RO         3764    i.Rain_Init         rain.o
    0x08002664   0x08002664   0x00000054   Code   RO         4405    i.ReadTime_Safe     main.o
    0x080026b8   0x080026b8   0x00000058   Code   RO         3694    i.Relay_Control     relay.o
    0x08002710   0x08002710   0x00000030   Code   RO         3695    i.Relay_Init        relay.o
    0x08002740   0x08002740   0x0000001c   Code   RO         3696    i.Relay_SetOff      relay.o
    0x0800275c   0x0800275c   0x0000001c   Code   RO         3697    i.Relay_SetOn       relay.o
    0x08002778   0x08002778   0x00000030   Code   RO         4561    i.SDLog_CreateFileName  sdlog.o
    0x080027a8   0x080027a8   0x0000005c   Code   RO         4562    i.SDLog_Init        sdlog.o
    0x08002804   0x08002804   0x0000004c   Code   RO         4563    i.SDLog_NewDay      sdlog.o
    0x08002850   0x08002850   0x000000a8   Code   RO         4564    i.SDLog_Write       sdlog.o
    0x080028f8   0x080028f8   0x00000018   Code   RO         3925    i.SD_DisSelect      diskio.o
    0x08002910   0x08002910   0x00000024   Code   RO         3926    i.SD_Select         diskio.o
    0x08002934   0x08002934   0x00000072   Code   RO         3927    i.SD_SendCmd        diskio.o
    0x080029a6   0x080029a6   0x00000018   Code   RO         2263    i.SPI_Cmd           stm32f10x_spi.o
    0x080029be   0x080029be   0x00000012   Code   RO         2271    i.SPI_I2S_GetFlagStatus  stm32f10x_spi.o
    0x080029d0   0x080029d0   0x00000006   Code   RO         2274    i.SPI_I2S_ReceiveData  stm32f10x_spi.o
    0x080029d6   0x080029d6   0x00000004   Code   RO         2275    i.SPI_I2S_SendData  stm32f10x_spi.o
    0x080029da   0x080029da   0x0000003c   Code   RO         2276    i.SPI_Init          stm32f10x_spi.o
    0x08002a16   0x08002a16   0x00000002   PAD
    0x08002a18   0x08002a18   0x00000058   Code   RO         3928    i.SPI_ReadWriteByte  diskio.o
    0x08002a70   0x08002a70   0x00000020   Code   RO         3929    i.SPI_SetSpeed      diskio.o
    0x08002a90   0x08002a90   0x000000a8   Code   RO         3930    i.SPIx_Init         diskio.o
    0x08002b38   0x08002b38   0x00000002   Code   RO         4510    i.SVC_Handler       stm32f10x_it.o
    0x08002b3a   0x08002b3a   0x00000008   Code   RO           24    i.SetSysClock       system_stm32f10x.o
    0x08002b42   0x08002b42   0x00000002   PAD
    0x08002b44   0x08002b44   0x000000e0   Code   RO           25    i.SetSysClockTo72   system_stm32f10x.o
    0x08002c24   0x08002c24   0x00000058   Code   RO         3591    i.ShowProgressBar   ui.o
    0x08002c7c   0x08002c7c   0x00000038   Code   RO         3592    i.ShowTwoDigit      ui.o
    0x08002cb4   0x08002cb4   0x0000002a   Code   RO         3730    i.Soil_GetHumidity  soil.o
    0x08002cde   0x08002cde   0x00000002   PAD
    0x08002ce0   0x08002ce0   0x0000008c   Code   RO         3731    i.Soil_Init         soil.o
    0x08002d6c   0x08002d6c   0x00000030   Code   RO         3732    i.Soil_ReadADC      soil.o
    0x08002d9c   0x08002d9c   0x00000020   Code   RO         3733    i.Soil_ReadADC_Avg  soil.o
    0x08002dbc   0x08002dbc   0x00000010   Code   RO         4406    i.SysTick_Handler   main.o
    0x08002dcc   0x08002dcc   0x00000060   Code   RO           27    i.SystemInit        system_stm32f10x.o
    0x08002e2c   0x08002e2c   0x00000020   Code   RO         4407    i.TIM2_IRQHandler   main.o
    0x08002e4c   0x08002e4c   0x00000006   Code   RO         2416    i.TIM_ClearITPendingBit  stm32f10x_tim.o
    0x08002e52   0x08002e52   0x00000018   Code   RO         2421    i.TIM_Cmd           stm32f10x_tim.o
    0x08002e6a   0x08002e6a   0x00000006   Code   RO         2440    i.TIM_GetCounter    stm32f10x_tim.o
    0x08002e70   0x08002e70   0x00000022   Code   RO         2442    i.TIM_GetITStatus   stm32f10x_tim.o
    0x08002e92   0x08002e92   0x00000012   Code   RO         2446    i.TIM_ITConfig      stm32f10x_tim.o
    0x08002ea4   0x08002ea4   0x00000004   Code   RO         2486    i.TIM_SetCounter    stm32f10x_tim.o
    0x08002ea8   0x08002ea8   0x000000a4   Code   RO         2492    i.TIM_TimeBaseInit  stm32f10x_tim.o
    0x08002f4c   0x08002f4c   0x00000038   Code   RO         4408    i.Timer1_Init       main.o
    0x08002f84   0x08002f84   0x0000005c   Code   RO         4409    i.Timer2_Init       main.o
    0x08002fe0   0x08002fe0   0x00000468   Code   RO         3593    i.UI_HandleKey      ui.o
    0x08003448   0x08003448   0x00000020   Code   RO         3594    i.UI_Init           ui.o
    0x08003468   0x08003468   0x000000b0   Code   RO         3595    i.UI_Refresh        ui.o
    0x08003518   0x08003518   0x00000040   Code   RO         3860    i.USART2_IRQHandler  air780e.o
    0x08003558   0x08003558   0x000000a4   Code   RO         3861    i.USART2_Init       air780e.o
    0x080035fc   0x080035fc   0x0000002c   Code   RO         3862    i.USART2_SendString  air780e.o
    0x08003628   0x08003628   0x00000038   Code   RO         3863    i.USART2_WaitResponse  air780e.o
    0x08003660   0x08003660   0x00000018   Code   RO         2960    i.USART_Cmd         stm32f10x_usart.o
    0x08003678   0x08003678   0x0000001a   Code   RO         2963    i.USART_GetFlagStatus  stm32f10x_usart.o
    0x08003692   0x08003692   0x00000054   Code   RO         2964    i.USART_GetITStatus  stm32f10x_usart.o
    0x080036e6   0x080036e6   0x0000004a   Code   RO         2966    i.USART_ITConfig    stm32f10x_usart.o
    0x08003730   0x08003730   0x000000d8   Code   RO         2967    i.USART_Init        stm32f10x_usart.o
    0x08003808   0x08003808   0x0000000a   Code   RO         2974    i.USART_ReceiveData  stm32f10x_usart.o
    0x08003812   0x08003812   0x00000008   Code   RO         2977    i.USART_SendData    stm32f10x_usart.o
    0x0800381a   0x0800381a   0x00000004   Code   RO         4511    i.UsageFault_Handler  stm32f10x_it.o
    0x0800381e   0x0800381e   0x00000002   PAD
    0x08003820   0x08003820   0x00000028   Code   RO         4851    i.__0sprintf        mc_w.l(printfa.o)
    0x08003848   0x08003848   0x0000000e   Code   RO         4947    i.__scatterload_copy  mc_w.l(handlers.o)
    0x08003856   0x08003856   0x00000002   Code   RO         4948    i.__scatterload_null  mc_w.l(handlers.o)
    0x08003858   0x08003858   0x0000000e   Code   RO         4949    i.__scatterload_zeroinit  mc_w.l(handlers.o)
    0x08003866   0x08003866   0x00000002   PAD
    0x08003868   0x08003868   0x00000184   Code   RO         4856    i._fp_digits        mc_w.l(printfa.o)
    0x080039ec   0x080039ec   0x000006dc   Code   RO         4857    i._printf_core      mc_w.l(printfa.o)
    0x080040c8   0x080040c8   0x00000024   Code   RO         4858    i._printf_post_padding  mc_w.l(printfa.o)
    0x080040ec   0x080040ec   0x0000002e   Code   RO         4859    i._printf_pre_padding  mc_w.l(printfa.o)
    0x0800411a   0x0800411a   0x0000000a   Code   RO         4861    i._sputc            mc_w.l(printfa.o)
    0x08004124   0x08004124   0x000000e0   Code   RO         4008    i.check_fs          ff.o
    0x08004204   0x08004204   0x0000001a   Code   RO         4009    i.clst2sect         ff.o
    0x0800421e   0x0800421e   0x00000002   PAD
    0x08004220   0x08004220   0x00000098   Code   RO         4010    i.cmp_lfn           ff.o
    0x080042b8   0x080042b8   0x00000120   Code   RO         4011    i.create_chain      ff.o
    0x080043d8   0x080043d8   0x00000268   Code   RO         4012    i.create_name       ff.o
    0x08004640   0x08004640   0x0000000c   Code   RO         4013    i.dbc_1st           ff.o
    0x0800464c   0x0800464c   0x0000000c   Code   RO         4014    i.dbc_2nd           ff.o
    0x08004658   0x08004658   0x00000060   Code   RO         4015    i.dir_alloc         ff.o
    0x080046b8   0x080046b8   0x0000005e   Code   RO         4016    i.dir_clear         ff.o
    0x08004716   0x08004716   0x000000fc   Code   RO         4017    i.dir_find          ff.o
    0x08004812   0x08004812   0x000000ca   Code   RO         4018    i.dir_next          ff.o
    0x080048dc   0x080048dc   0x00000146   Code   RO         4020    i.dir_register      ff.o
    0x08004a22   0x08004a22   0x0000009a   Code   RO         4022    i.dir_sdi           ff.o
    0x08004abc   0x08004abc   0x00000128   Code   RO         3931    i.disk_initialize   diskio.o
    0x08004be4   0x08004be4   0x00000048   Code   RO         3932    i.disk_ioctl        diskio.o
    0x08004c2c   0x08004c2c   0x000000a4   Code   RO         3933    i.disk_read         diskio.o
    0x08004cd0   0x08004cd0   0x00000014   Code   RO         3934    i.disk_status       diskio.o
    0x08004ce4   0x08004ce4   0x000000cc   Code   RO         3935    i.disk_write        diskio.o
    0x08004db0   0x08004db0   0x00000022   Code   RO         4023    i.f_close           ff.o
    0x08004dd2   0x08004dd2   0x00000144   Code   RO         4027    i.f_lseek           ff.o
    0x08004f16   0x08004f16   0x00000002   PAD
    0x08004f18   0x08004f18   0x00000054   Code   RO         4029    i.f_mount           ff.o
    0x08004f6c   0x08004f6c   0x000001ce   Code   RO         4030    i.f_open            ff.o
    0x0800513a   0x0800513a   0x00000342   Code   RO         4032    i.f_printf          ff.o
    0x0800547c   0x0800547c   0x00000076   Code   RO         4039    i.f_sync            ff.o
    0x080054f2   0x080054f2   0x000001d2   Code   RO         4042    i.f_write           ff.o
    0x080056c4   0x080056c4   0x0000002c   Code   RO         4376    i.ff_oem2uni        ffunicode.o
    0x080056f0   0x080056f0   0x00000040   Code   RO         4377    i.ff_uni2oem        ffunicode.o
    0x08005730   0x08005730   0x000000b0   Code   RO         4378    i.ff_wtoupper       ffunicode.o
    0x080057e0   0x080057e0   0x00000078   Code   RO         4043    i.find_volume       ff.o
    0x08005858   0x08005858   0x0000009e   Code   RO         4044    i.follow_path       ff.o
    0x080058f6   0x080058f6   0x00000002   PAD
    0x080058f8   0x080058f8   0x00000254   Code   RO         4045    i.ftoa              ff.o
    0x08005b4c   0x08005b4c   0x000000d4   Code   RO         4046    i.gen_numname       ff.o
    0x08005c20   0x08005c20   0x000000e0   Code   RO         4047    i.get_fat           ff.o
    0x08005d00   0x08005d00   0x00000008   Code   RO         3936    i.get_fattime       diskio.o
    0x08005d08   0x08005d08   0x0000004e   Code   RO         4049    i.get_ldnumber      ff.o
    0x08005d56   0x08005d56   0x00000002   PAD
    0x08005d58   0x08005d58   0x0000007c   Code   RO         4050    i.i10x              ff.o
    0x08005dd4   0x08005dd4   0x000000a8   Code   RO         4051    i.ilog10            ff.o
    0x08005e7c   0x08005e7c   0x00000026   Code   RO         4052    i.ld_clust          ff.o
    0x08005ea2   0x08005ea2   0x00000018   Code   RO         4053    i.ld_dword          ff.o
    0x08005eba   0x08005eba   0x0000000c   Code   RO         4054    i.ld_word           ff.o
    0x08005ec6   0x08005ec6   0x00000002   PAD
    0x08005ec8   0x08005ec8   0x00000404   Code   RO         4410    i.main              main.o
    0x080062cc   0x080062cc   0x000002b0   Code   RO         4055    i.mount_volume      ff.o
    0x0800657c   0x0800657c   0x00000034   Code   RO         4056    i.move_window       ff.o
    0x080065b0   0x080065b0   0x00000138   Code   RO         4058    i.put_fat           ff.o
    0x080066e8   0x080066e8   0x00000080   Code   RO         4059    i.put_lfn           ff.o
    0x08006768   0x08006768   0x00000044   Code   RO         4061    i.putc_bfd          ff.o
    0x080067ac   0x080067ac   0x0000002c   Code   RO         4062    i.putc_flush        ff.o
    0x080067d8   0x080067d8   0x00000012   Code   RO         4063    i.putc_init         ff.o
    0x080067ea   0x080067ea   0x0000009a   Code   RO         4064    i.remove_chain      ff.o
    0x08006884   0x08006884   0x00000024   Code   RO         4065    i.st_clust          ff.o
    0x080068a8   0x080068a8   0x00000018   Code   RO         4066    i.st_dword          ff.o
    0x080068c0   0x080068c0   0x0000000c   Code   RO         4067    i.st_word           ff.o
    0x080068cc   0x080068cc   0x00000020   Code   RO         4068    i.sum_sfn           ff.o
    0x080068ec   0x080068ec   0x0000008c   Code   RO         4069    i.sync_fs           ff.o
    0x08006978   0x08006978   0x0000004a   Code   RO         4070    i.sync_window       ff.o
    0x080069c2   0x080069c2   0x0000004c   Code   RO         4071    i.tchar2uni         ff.o
    0x08006a0e   0x08006a0e   0x0000003c   Code   RO         4072    i.validate          ff.o
    0x08006a4a   0x08006a4a   0x000005f0   Data   RO         3236    .constdata          oled.o
    0x0800703a   0x0800703a   0x0000008d   Data   RO         4074    .constdata          ff.o
    0x080070c7   0x080070c7   0x00000001   PAD
    0x080070c8   0x080070c8   0x000003ae   Data   RO         4379    .constdata          ffunicode.o
    0x08007476   0x08007476   0x00000002   PAD
    0x08007478   0x08007478   0x0000006c   Data   RO         4411    .conststring        main.o
    0x080074e4   0x080074e4   0x0000004d   Data   RO         4566    .conststring        sdlog.o
    0x08007531   0x08007531   0x00000003   PAD
    0x08007534   0x08007534   0x00000020   Data   RO         4945    Region$$Table       anon$$obj.o


    Execution Region RW_IRAM1 (Exec base: 0x20000000, Load base: 0x08007554, Size: 0x00000b68, Max: 0x00005000, ABSOLUTE)

    Exec Addr    Load Addr    Size         Type   Attr      Idx    E Section Name        Object

    0x20000000   0x08007554   0x00000014   Data   RW           28    .data               system_stm32f10x.o
    0x20000014   0x08007568   0x00000014   Data   RW         1805    .data               stm32f10x_rcc.o
    0x20000028   0x0800757c   0x00000005   Data   RW         3528    .data               key.o
    0x2000002d   0x08007581   0x00000001   PAD
    0x2000002e   0x08007582   0x00000086   Data   RW         3551    .data               crop.o
    0x200000b4   0x08007608   0x00000006   Data   RW         3596    .data               ui.o
    0x200000ba   0x0800760e   0x00000005   Data   RW         3698    .data               relay.o
    0x200000bf   0x08007613   0x00000001   PAD
    0x200000c0   0x08007614   0x00000002   Data   RW         3865    .data               air780e.o
    0x200000c2   0x08007616   0x00000001   Data   RW         3937    .data               diskio.o
    0x200000c3   0x08007617   0x00000001   PAD
    0x200000c4   0x08007618   0x00000006   Data   RW         4075    .data               ff.o
    0x200000ca   0x0800761e   0x00000002   PAD
    0x200000cc   0x08007620   0x0000002a   Data   RW         4412    .data               main.o
    0x200000f6   0x0800764a   0x00000002   PAD
    0x200000f8        -       0x00000200   Zero   RW         3864    .bss                air780e.o
    0x200002f8        -       0x00000200   Zero   RW         4073    .bss                ff.o
    0x200004f8        -       0x0000026c   Zero   RW         4565    .bss                sdlog.o
    0x20000764   0x0800764a   0x00000004   PAD
    0x20000768        -       0x00000400   Zero   RW            1    STACK               startup_stm32f10x_md.o


==============================================================================

Image component sizes


      Code (inc. data)   RO Data    RW Data    ZI Data      Debug   Object Name

       820        264          0          2        512       5167   air780e.o
         0          0          0          0          0       4508   core_cm3.o
       216         30          0        134          0       2762   crop.o
       380         26          0          0          0       3023   dht11.o
      1226         64          0          1          0      10912   diskio.o
       586         26          0          0          0       4620   ds1302.o
       432         36          0          0          0       3836   ds18b20.o
      8448        142        141          6        512      54612   ff.o
       284         32        942          0          0       2392   ffunicode.o
       284         36          0          5          0       1150   key.o
      1400        172        108         42          0      21968   main.o
       112         12          0          0          0     213144   misc.o
       822         22       1520          0          0       7113   oled.o
        68         12          0          0          0        888   rain.o
       192         40          0          5          0       2236   relay.o
       384        120         77          0        620       5134   sdlog.o
       262         12          0          0          0       2009   soil.o
        36          8        236          0       1024        784   startup_stm32f10x_md.o
       394         10          0          0          0      17917   stm32f10x_adc.o
       330         38          0          0          0      11120   stm32f10x_flash.o
       314          0          0          0          0      12132   stm32f10x_gpio.o
        24          0          0          0          0       3092   stm32f10x_it.o
       300         38          0         20          0      13285   stm32f10x_rcc.o
       112          0          0          0          0      10286   stm32f10x_spi.o
       256         42          0          0          0      24376   stm32f10x_tim.o
       442          6          0          0          0      11617   stm32f10x_usart.o
       328         28          0         20          0      52093   system_stm32f10x.o
      3872        740          0          6          0      11749   ui.o

    ----------------------------------------------------------------------
     22354       1956       3062        248       2672     513925   Object Totals
         0          0         32          0          0          0   (incl. Generated)
        30          0          6          7          4          0   (incl. Padding)

    ----------------------------------------------------------------------

      Code (inc. data)   RO Data    RW Data    ZI Data      Debug   Library Member Name

         0          0          0          0          0          0   entry.o
         0          0          0          0          0          0   entry10a.o
         0          0          0          0          0          0   entry11a.o
         8          4          0          0          0          0   entry2.o
         4          0          0          0          0          0   entry5.o
         0          0          0          0          0          0   entry7b.o
         0          0          0          0          0          0   entry8b.o
         8          4          0          0          0          0   entry9a.o
        30          0          0          0          0          0   handlers.o
        36          8          0          0          0         68   init.o
         0          0          0          0          0          0   iusefp.o
        30          0          0          0          0         68   llshl.o
        36          0          0          0          0         68   llsshr.o
        32          0          0          0          0         68   llushr.o
        26          0          0          0          0         80   memcmp.o
        36          0          0          0          0         68   memcpya.o
        36          0          0          0          0        108   memseta.o
      2276         86          0          0          0        520   printfa.o
        20          0          0          0          0         68   strchr.o
        14          0          0          0          0         68   strlen.o
        36          0          0          0          0         80   strstr.o
        44          0          0          0          0         80   uidiv.o
        98          0          0          0          0         92   uldiv.o
        48          0          0          0          0         68   cdcmple.o
        48          0          0          0          0         68   cdrcmple.o
        20          0          0          0          0         68   cfrcmple.o
       334          0          0          0          0        148   dadd.o
       222          0          0          0          0        100   ddiv.o
       186          0          0          0          0        176   depilogue.o
        62          0          0          0          0         80   dfixi.o
        48          0          0          0          0         68   dfixul.o
        34          0          0          0          0         76   dflti.o
       228          0          0          0          0         96   dmul.o
        38          0          0          0          0         68   f2d.o
       176          0          0          0          0        140   fadd.o
       124          0          0          0          0         88   fdiv.o
       110          0          0          0          0        168   fepilogue.o
        40          0          0          0          0         68   ffixui.o
        18          0          0          0          0         68   fflti.o
        10          0          0          0          0         68   ffltui.o
       100          0          0          0          0         76   fmul.o

    ----------------------------------------------------------------------
      4620        102          0          0          0       3128   Library Totals
         4          0          0          0          0          0   (incl. Padding)

    ----------------------------------------------------------------------

      Code (inc. data)   RO Data    RW Data    ZI Data      Debug   Library Name

      2770        102          0          0          0       1436   mc_w.l
      1846          0          0          0          0       1692   mf_w.l

    ----------------------------------------------------------------------
      4620        102          0          0          0       3128   Library Totals

    ----------------------------------------------------------------------

==============================================================================


      Code (inc. data)   RO Data    RW Data    ZI Data      Debug   

     26974       2058       3062        248       2672     504985   Grand Totals
     26974       2058       3062        248       2672     504985   ELF Image Totals
     26974       2058       3062        248          0          0   ROM Totals

==============================================================================

    Total RO  Size (Code + RO Data)                30036 (  29.33kB)
    Total RW  Size (RW Data + ZI Data)              2920 (   2.85kB)
    Total ROM Size (Code + RO Data + RW Data)      30284 (  29.57kB)

==============================================================================

